Component: ARM Compiler 5.06 update 5 (build 528) Tool: armlink [4d35e2]

==============================================================================

Section Cross References

    edisk.o(i.eDisk_Format) refers to flashprogram.o(i.Flash_Erase) for Flash_Erase
    edisk.o(i.eDisk_WriteSector) refers to flashprogram.o(i.Flash_WriteArray) for Flash_WriteArray
    flashprogram.o(i.Flash_Erase) refers to flashprogram.o(i.EraseAddrValid) for EraseAddrValid
    flashprogram.o(i.Flash_Erase) refers to startup_tm4c123.o(.text) for DisableInterrupts
    flashprogram.o(i.Flash_FastWrite) refers to flashprogram.o(i.MassWriteAddrValid) for MassWriteAddrValid
    flashprogram.o(i.Flash_FastWrite) refers to startup_tm4c123.o(.text) for DisableInterrupts
    flashprogram.o(i.Flash_Write) refers to flashprogram.o(i.WriteAddrValid) for WriteAddrValid
    flashprogram.o(i.Flash_Write) refers to startup_tm4c123.o(.text) for DisableInterrupts
    flashprogram.o(i.Flash_WriteArray) refers to flashprogram.o(i.Flash_Write) for Flash_Write
    efile.o(i.MountDirectory) refers to edisk.o(i.eDisk_ReadSector) for eDisk_ReadSector
    efile.o(i.MountDirectory) refers to efile.o(.data) for bDirectoryLoaded
    efile.o(i.MountDirectory) refers to efile.o(.bss) for Buff
    efile.o(i.OS_File_Append) refers to efile.o(i.MountDirectory) for MountDirectory
    efile.o(i.OS_File_Append) refers to efile.o(i.findfreesector) for findfreesector
    efile.o(i.OS_File_Append) refers to edisk.o(i.eDisk_WriteSector) for eDisk_WriteSector
    efile.o(i.OS_File_Append) refers to efile.o(i.appendfat) for appendfat
    efile.o(i.OS_File_Flush) refers to edisk.o(i.eDisk_WriteSector) for eDisk_WriteSector
    efile.o(i.OS_File_Flush) refers to efile.o(.bss) for Directory
    efile.o(i.OS_File_Format) refers to edisk.o(i.eDisk_Format) for eDisk_Format
    efile.o(i.OS_File_Format) refers to efile.o(.data) for bDirectoryLoaded
    efile.o(i.OS_File_New) refers to efile.o(i.MountDirectory) for MountDirectory
    efile.o(i.OS_File_New) refers to efile.o(.bss) for Directory
    efile.o(i.OS_File_Read) refers to edisk.o(i.eDisk_ReadSector) for eDisk_ReadSector
    efile.o(i.OS_File_Read) refers to efile.o(.bss) for Directory
    efile.o(i.OS_File_Size) refers to efile.o(.bss) for Directory
    efile.o(i.appendfat) refers to efile.o(.bss) for Directory
    efile.o(i.findfreesector) refers to efile.o(i.lastsector) for lastsector
    efile.o(i.findfreesector) refers to efile.o(i.max) for max
    efile.o(i.findfreesector) refers to efile.o(.bss) for Directory
    efile.o(i.lastsector) refers to efile.o(.bss) for FAT
    bsp.o(i.BSP_Accelerometer_Init) refers to bsp.o(i.adcinit) for adcinit
    bsp.o(i.BSP_Buzzer_Init) refers to bsp.o(.data) for ClockFrequency
    bsp.o(i.BSP_Buzzer_Set) refers to bsp.o(.data) for PWMCycles
    bsp.o(i.BSP_Clock_GetFreq) refers to bsp.o(.data) for ClockFrequency
    bsp.o(i.BSP_Clock_InitFastest) refers to bsp.o(.data) for ClockFrequency
    bsp.o(i.BSP_Delay1ms) refers to bsp.o(.emb_text) for parrotdelay
    bsp.o(i.BSP_Joystick_Init) refers to bsp.o(i.adcinit) for adcinit
    bsp.o(i.BSP_LCD_DrawBitmap) refers to bsp.o(i.setAddrWindow) for setAddrWindow
    bsp.o(i.BSP_LCD_DrawBitmap) refers to bsp.o(i.writedata) for writedata
    bsp.o(i.BSP_LCD_DrawBitmap) refers to bsp.o(.data) for _width
    bsp.o(i.BSP_LCD_DrawChar) refers to bsp.o(i.setAddrWindow) for setAddrWindow
    bsp.o(i.BSP_LCD_DrawChar) refers to bsp.o(i.pushColor) for pushColor
    bsp.o(i.BSP_LCD_DrawChar) refers to bsp.o(.data) for _width
    bsp.o(i.BSP_LCD_DrawChar) refers to bsp.o(.constdata) for Font
    bsp.o(i.BSP_LCD_DrawCharS) refers to bsp.o(i.BSP_LCD_DrawPixel) for BSP_LCD_DrawPixel
    bsp.o(i.BSP_LCD_DrawCharS) refers to bsp.o(i.BSP_LCD_FillRect) for BSP_LCD_FillRect
    bsp.o(i.BSP_LCD_DrawCharS) refers to bsp.o(.data) for _width
    bsp.o(i.BSP_LCD_DrawCharS) refers to bsp.o(.constdata) for Font
    bsp.o(i.BSP_LCD_DrawFastHLine) refers to bsp.o(i.setAddrWindow) for setAddrWindow
    bsp.o(i.BSP_LCD_DrawFastHLine) refers to bsp.o(i.writedata) for writedata
    bsp.o(i.BSP_LCD_DrawFastHLine) refers to bsp.o(.data) for _width
    bsp.o(i.BSP_LCD_DrawFastVLine) refers to bsp.o(i.setAddrWindow) for setAddrWindow
    bsp.o(i.BSP_LCD_DrawFastVLine) refers to bsp.o(i.writedata) for writedata
    bsp.o(i.BSP_LCD_DrawFastVLine) refers to bsp.o(.data) for _width
    bsp.o(i.BSP_LCD_DrawPixel) refers to bsp.o(i.setAddrWindow) for setAddrWindow
    bsp.o(i.BSP_LCD_DrawPixel) refers to bsp.o(i.pushColor) for pushColor
    bsp.o(i.BSP_LCD_DrawPixel) refers to bsp.o(.data) for _width
    bsp.o(i.BSP_LCD_DrawString) refers to bsp.o(i.BSP_LCD_DrawChar) for BSP_LCD_DrawChar
    bsp.o(i.BSP_LCD_Drawaxes) refers to bsp.o(i.BSP_LCD_FillRect) for BSP_LCD_FillRect
    bsp.o(i.BSP_LCD_Drawaxes) refers to bsp.o(i.BSP_LCD_DrawFastHLine) for BSP_LCD_DrawFastHLine
[...]
    fs_testing.o(i.main) refers to efile.o(.bss) for Buff
    fs_testing.o(i.main_debug) refers to h1_alloc.o(.text) for malloc
    fs_testing.o(i.main_debug) refers to edisk.o(i.eDisk_WriteSector) for eDisk_WriteSector
    fs_testing.o(i.main_debug) refers to edisk.o(i.eDisk_ReadSector) for eDisk_ReadSector
    fs_testing.o(i.main_debug) refers to edisk.o(i.eDisk_Format) for eDisk_Format
    fs_testing.o(i.main_debug) refers to fs_testing.o(.data) for ptr
    fs_testing.o(i.testbuildbuff) refers to efile.o(.bss) for Buff
    startup_tm4c123.o(STACK) refers (Special) to heapauxi.o(.text) for __use_two_region_memory
    startup_tm4c123.o(HEAP) refers (Special) to heapauxi.o(.text) for __use_two_region_memory
    startup_tm4c123.o(RESET) refers (Special) to heapauxi.o(.text) for __use_two_region_memory
    startup_tm4c123.o(RESET) refers to startup_tm4c123.o(STACK) for __initial_sp
    startup_tm4c123.o(RESET) refers to startup_tm4c123.o(.text) for Reset_Handler
    startup_tm4c123.o(RESET) refers to bsp.o(i.WideTimer3A_Handler) for WideTimer3A_Handler
    startup_tm4c123.o(RESET) refers to bsp.o(i.WideTimer4A_Handler) for WideTimer4A_Handler
    startup_tm4c123.o(RESET) refers to bsp.o(i.WideTimer5A_Handler) for WideTimer5A_Handler
    startup_tm4c123.o(.text) refers (Special) to heapauxi.o(.text) for __use_two_region_memory
    startup_tm4c123.o(.text) refers to __main.o(!!!main) for __main
    startup_tm4c123.o(.text) refers to startup_tm4c123.o(HEAP) for Heap_Mem
    startup_tm4c123.o(.text) refers to startup_tm4c123.o(STACK) for Stack_Mem
    system_tm4c123.o(i.SystemCoreClockUpdate) refers to system_tm4c123.o(i.getOscClk) for getOscClk
    system_tm4c123.o(i.SystemCoreClockUpdate) refers to system_tm4c123.o(.data) for SystemCoreClock
    malloc.o(.text) refers (Special) to hguard.o(.text) for __heap$guard
    malloc.o(.text) refers (Special) to init_alloc.o(.text) for _init_alloc
    malloc.o(.text) refers to rt_heap_descriptor_intlibspace.o(.text) for __rt_heap_descriptor
    malloc.o(.text) refers to heapstubs.o(.text) for __Heap_Alloc
    h1_alloc.o(.text) refers (Special) to h1_init.o(.text) for __Heap_Initialize
    h1_alloc.o(.text) refers to rt_heap_descriptor_intlibspace.o(.text) for __rt_heap_descriptor
    h1_alloc.o(.text) refers to init_alloc.o(.text) for __Heap_Full
    h1_alloc_mt.o(.text) refers (Special) to h1_init.o(.text) for __Heap_Initialize
    h1_alloc_mt.o(.text) refers to init_alloc.o(.text) for __Heap_Full
    h1_alloc_mt.o(.text) refers to rt_heap_descriptor_intlibspace.o(.text) for __rt_heap_descriptor
    heap2.o(i._FDIterate) refers to heap2.o(.conststring) for .conststring
    heap2.o(i.___Heap_ProvideMemory$realtime) refers to fdtree.o(i._FDTree_Delete) for _FDTree_Delete
    heap2.o(i.___Heap_ProvideMemory$realtime) refers to fdtree.o(i._FDTree_Insert) for _FDTree_Insert
    heap2.o(i.___Heap_Stats$realtime) refers to heap2.o(i._Heap2_StatsIterate) for _Heap2_StatsIterate
    heap2.o(i.___Heap_Valid$realtime) refers to heap2.o(i._FDIterate) for _FDIterate
    heap2.o(i.___Heap_Valid$realtime) refers to heap2.o(.conststring) for .conststring
    heap2.o(i._free$realtime) refers to rt_heap_descriptor_intlibspace.o(.text) for __rt_heap_descriptor
    heap2.o(i._free$realtime) refers to fdtree.o(i._FDTree_Delete) for _FDTree_Delete
    heap2.o(i._free$realtime) refers to fdtree.o(i._FDTree_Insert) for _FDTree_Insert
    heap2.o(i._malloc$realtime) refers to rt_heap_descriptor_intlibspace.o(.text) for __rt_heap_descriptor
    heap2.o(i._malloc$realtime) refers to fdtree.o(i._FDTree_FindFirst) for _FDTree_FindFirst
    heap2.o(i._malloc$realtime) refers to init_alloc.o(.text) for __Heap_Full
    heap2.o(i._malloc$realtime) refers to fdtree.o(i._FDTree_RemoveNode) for _FDTree_RemoveNode
    heap2.o(i._malloc$realtime) refers to fdtree.o(i._FDTree_Insert) for _FDTree_Insert
    heap2.o(i._posix_memalign$realtime) refers to rt_heap_descriptor_intlibspace.o(.text) for __rt_heap_descriptor
    heap2.o(i._posix_memalign$realtime) refers to fdtree.o(i._FDTree_FindFirst) for _FDTree_FindFirst
    heap2.o(i._posix_memalign$realtime) refers to init_alloc.o(.text) for __Heap_Full
    heap2.o(i._posix_memalign$realtime) refers to fdtree.o(i._FDTree_RemoveNode) for _FDTree_RemoveNode
    heap2.o(i._posix_memalign$realtime) refers to fdtree.o(i._FDTree_Insert) for _FDTree_Insert
    heap2.o(i._realloc$realtime) refers to rt_heap_descriptor_intlibspace.o(.text) for __rt_heap_descriptor
    heap2.o(i._realloc$realtime) refers to fdtree.o(i._FDTree_Insert) for _FDTree_Insert
    heap2.o(i._realloc$realtime) refers to h1_free.o(.text) for free
    heap2.o(i._realloc$realtime) refers to h1_alloc.o(.text) for malloc
    heap2.o(i._realloc$realtime) refers to fdtree.o(i._FDTree_Delete) for _FDTree_Delete
    heap2.o(i._realloc$realtime) refers to rt_memcpy_w.o(.text) for __aeabi_memcpy4
    heap2mt.o(i._FDIterate) refers to heap2mt.o(.conststring) for .conststring
    heap2mt.o(i.___Heap_Initialize$realtime$concurrent) refers to mutex_dummy.o(.text) for _mutex_initialize
    heap2mt.o(i.___Heap_ProvideMemory$realtime$concurrent) refers to fdtree.o(i._FDTree_Delete) for _FDTree_Delete
    heap2mt.o(i.___Heap_ProvideMemory$realtime$concurrent) refers to fdtree.o(i._FDTree_Insert) for _FDTree_Insert
    heap2mt.o(i.___Heap_Stats$realtime$concurrent) refers to heap2mt.o(i._Heap2_StatsIterate) for _Heap2_StatsIterate
    heap2mt.o(i.___Heap_Valid$realtime$concurrent) refers to heap2mt.o(i._FDIterate) for _FDIterate
    heap2mt.o(i.___Heap_Valid$realtime$concurrent) refers to heap2mt.o(.conststring) for .conststring
    heap2mt.o(i._free$realtime$concurrent) refers to rt_heap_descriptor_intlibspace.o(.text) for __rt_heap_descriptor
    heap2mt.o(i._free$realtime$concurrent) refers to fdtree.o(i._FDTree_Delete) for _FDTree_Delete
    heap2mt.o(i._free$realtime$concurrent) refers to fdtree.o(i._FDTree_Insert) for _FDTree_Insert
    heap2mt.o(i._malloc$realtime$concurrent) refers to rt_heap_descriptor_intlibspace.o(.text) for __rt_heap_descriptor
    heap2mt.o(i._malloc$realtime$concurrent) refers to fdtree.o(i._FDTree_FindFirst) for _FDTree_FindFirst
    heap2mt.o(i._malloc$realtime$concurrent) refers to init_alloc.o(.text) for __Heap_Full
    heap2mt.o(i._malloc$realtime$concurrent) refers to fdtree.o(i._FDTree_RemoveNode) for _FDTree_RemoveNode
    heap2mt.o(i._malloc$realtime$concurrent) refers to fdtree.o(i._FDTree_Insert) for _FDTree_Insert
    heap2mt.o(i._posix_memalign$realtime$concurrent) refers to rt_heap_descriptor_intlibspace.o(.text) for __rt_heap_descriptor
    heap2mt.o(i._posix_memalign$realtime$concurrent) refers to fdtree.o(i._FDTree_FindFirst) for _FDTree_FindFirst
    heap2mt.o(i._posix_memalign$realtime$concurrent) refers to init_alloc.o(.text) for __Heap_Full
    heap2mt.o(i._posix_memalign$realtime$concurrent) refers to fdtree.o(i._FDTree_RemoveNode) for _FDTree_RemoveNode
    heap2mt.o(i._posix_memalign$realtime$concurrent) refers to fdtree.o(i._FDTree_Insert) for _FDTree_Insert
    heap2mt.o(i._realloc$realtime$concurrent) refers to rt_heap_descriptor_intlibspace.o(.text) for __rt_heap_descriptor
    heap2mt.o(i._realloc$realtime$concurrent) refers to fdtree.o(i._FDTree_Insert) for _FDTree_Insert
    heap2mt.o(i._realloc$realtime$concurrent) refers to h1_free.o(.text) for free
    heap2mt.o(i._realloc$realtime$concurrent) refers to h1_alloc.o(.text) for malloc
    heap2mt.o(i._realloc$realtime$concurrent) refers to fdtree.o(i._FDTree_Delete) for _FDTree_Delete
    heap2mt.o(i._realloc$realtime$concurrent) refers to rt_memcpy_w.o(.text) for __aeabi_memcpy4
    __main.o(!!!main) refers to __rtentry.o(.ARM.Collect$$rtentry$$00000000) for __rt_entry
    __rtentry.o(.ARM.Collect$$rtentry$$00000000) refers (Special) to __rtentry2.o(.ARM.Collect$$rtentry$$0000000A) for __rt_entry_li
    __rtentry.o(.ARM.Collect$$rtentry$$00000000) refers (Special) to __rtentry2.o(.ARM.Collect$$rtentry$$0000000D) for __rt_entry_main
    __rtentry.o(.ARM.Collect$$rtentry$$00000000) refers (Special) to __rtentry2.o(.ARM.Collect$$rtentry$$0000000C) for __rt_entry_postli_1
    __rtentry.o(.ARM.Collect$$rtentry$$00000000) refers (Special) to __rtentry2.o(.ARM.Collect$$rtentry$$00000009) for __rt_entry_postsh_1
    __rtentry.o(.ARM.Collect$$rtentry$$00000000) refers (Special) to __rtentry2.o(.ARM.Collect$$rtentry$$00000002) for __rt_entry_presh_1
    __rtentry.o(.ARM.Collect$$rtentry$$00000000) refers (Special) to __rtentry4.o(.ARM.Collect$$rtentry$$00000004) for __rt_entry_sh
    rt_heap_descriptor.o(.text) refers to rt_heap_descriptor.o(.bss) for __rt_heap_descriptor_data
    rt_heap_descriptor_intlibspace.o(.text) refers to libspace.o(.bss) for __libspace_start
    init_alloc.o(.text) refers (Special) to hguard.o(.text) for __heap$guard
    init_alloc.o(.text) refers (Special) to libinit2.o(.ARM.Collect$$libinit$$00000005) for __rt_lib_init_heap_2
    init_alloc.o(.text) refers (Special) to maybetermalloc1.o(.emb_text) for _maybe_terminate_alloc
    init_alloc.o(.text) refers to h1_extend.o(.text) for __Heap_ProvideMemory
    init_alloc.o(.text) refers to defsig_rtmem_outer.o(.text) for __rt_SIGRTMEM
    init_alloc.o(.text) refers to rt_heap_descriptor_intlibspace.o(.text) for __rt_heap_descriptor
    init_alloc.o(.text) refers to h1_init.o(.text) for __Heap_Initialize
    free.o(.text) refers (Special) to hguard.o(.text) for __heap$guard
    free.o(.text) refers to rt_heap_descriptor_intlibspace.o(.text) for __rt_heap_descriptor
    free.o(.text) refers to heapstubs.o(.text) for __Heap_Free
    h1_free.o(.text) refers to rt_heap_descriptor_intlibspace.o(.text) for __rt_heap_descriptor
    h1_init_mt.o(.text) refers to mutex_dummy.o(.text) for _mutex_initialize
    h1_free_mt.o(.text) refers to rt_heap_descriptor_intlibspace.o(.text) for __rt_heap_descriptor
    _get_argv.o(.text) refers (Special) to hrguard.o(.text) for __heap_region$guard
    _get_argv.o(.text) refers to h1_alloc.o(.text) for malloc
    _get_argv.o(.text) refers to defsig_rtmem_outer.o(.text) for __rt_SIGRTMEM
    _get_argv.o(.text) refers to sys_command.o(.text) for _sys_command_string
    libinit2.o(.ARM.Collect$$libinit$$00000005) refers (Weak) to init_alloc.o(.text) for _init_alloc
    libinit2.o(.ARM.Collect$$libinit$$00000010) refers to libinit2.o(.ARM.Collect$$libinit$$0000000F) for .ARM.Collect$$libinit$$0000000F
    libinit2.o(.ARM.Collect$$libinit$$00000012) refers to libinit2.o(.ARM.Collect$$libinit$$0000000F) for .ARM.Collect$$libinit$$0000000F
    libinit2.o(.ARM.Collect$$libinit$$00000014) refers to libinit2.o(.ARM.Collect$$libinit$$0000000F) for .ARM.Collect$$libinit$$0000000F
    libinit2.o(.ARM.Collect$$libinit$$00000016) refers to libinit2.o(.ARM.Collect$$libinit$$0000000F) for .ARM.Collect$$libinit$$0000000F
    libinit2.o(.ARM.Collect$$libinit$$00000018) refers to libinit2.o(.ARM.Collect$$libinit$$0000000F) for .ARM.Collect$$libinit$$0000000F
    libinit2.o(.ARM.Collect$$libinit$$00000026) refers to argv_veneer.o(.emb_text) for __ARM_argv_veneer
    libinit2.o(.ARM.Collect$$libinit$$00000027) refers to argv_veneer.o(.emb_text) for __ARM_argv_veneer
    sys_command.o(.text) refers (Special) to use_no_semi.o(.text) for __I$use$semihosting
    sys_command.o(.text) refers (Special) to indicate_semi.o(.text) for __semihosting_library_function
    libspace.o(.text) refers to libspace.o(.bss) for __libspace_start
    __rtentry2.o(.ARM.Collect$$rtentry$$00000008) refers to boardinit2.o(.text) for _platform_post_stackheap_init
    __rtentry2.o(.ARM.Collect$$rtentry$$0000000A) refers to libinit.o(.ARM.Collect$$libinit$$00000000) for __rt_lib_init
    __rtentry2.o(.ARM.Collect$$rtentry$$0000000B) refers to boardinit3.o(.text) for _platform_post_lib_init
    __rtentry2.o(.ARM.Collect$$rtentry$$0000000D) refers to fs_testing.o(i.main) for main
    __rtentry2.o(.ARM.Collect$$rtentry$$0000000D) refers to exit.o(.text) for exit
    __rtentry2.o(.ARM.exidx) refers to __rtentry2.o(.ARM.Collect$$rtentry$$00000001) for .ARM.Collect$$rtentry$$00000001
    __rtentry2.o(.ARM.exidx) refers to __rtentry2.o(.ARM.Collect$$rtentry$$00000008) for .ARM.Collect$$rtentry$$00000008
    __rtentry2.o(.ARM.exidx) refers to __rtentry2.o(.ARM.Collect$$rtentry$$0000000A) for .ARM.Collect$$rtentry$$0000000A
    __rtentry2.o(.ARM.exidx) refers to __rtentry2.o(.ARM.Collect$$rtentry$$0000000B) for .ARM.Collect$$rtentry$$0000000B
    __rtentry2.o(.ARM.exidx) refers to __rtentry2.o(.ARM.Collect$$rtentry$$0000000D) for .ARM.Collect$$rtentry$$0000000D
    __rtentry4.o(.ARM.Collect$$rtentry$$00000004) refers to sys_stackheap_outer.o(.text) for __user_setup_stackheap
    __rtentry4.o(.ARM.exidx) refers to __rtentry4.o(.ARM.Collect$$rtentry$$00000004) for .ARM.Collect$$rtentry$$00000004
    maybetermalloc2.o(.emb_text) refers (Special) to term_alloc.o(.text) for _terminate_alloc
    h1_extend.o(.text) refers to h1_free.o(.text) for free
    h1_extend_mt.o(.text) refers to h1_free_mt.o(.text) for _free_internal
    defsig_rtmem_outer.o(.text) refers to defsig_rtmem_inner.o(.text) for __rt_SIGRTMEM_inner
    defsig_rtmem_outer.o(.text) refers to defsig_exit.o(.text) for __sig_exit
    defsig_rtmem_formal.o(.text) refers to rt_raise.o(.text) for __rt_raise
    heapauxa.o(.text) refers to heapauxa.o(.data) for .data
    argv_veneer.o(.emb_text) refers to no_argv.o(.text) for __ARM_get_argv
    sys_stackheap_outer.o(.text) refers to libspace.o(.text) for __user_perproc_libspace
    sys_stackheap_outer.o(.text) refers to startup_tm4c123.o(.text) for __user_initial_stackheap
    rt_raise.o(.text) refers to __raise.o(.text) for __raise
    rt_raise.o(.text) refers to sys_exit.o(.text) for _sys_exit
    term_alloc.o(.text) refers (Special) to libshutdown2.o(.ARM.Collect$$libshutdown$$0000000E) for __rt_lib_shutdown_heap_2
    term_alloc.o(.text) refers to rt_heap_descriptor_intlibspace.o(.text) for __rt_heap_descriptor
    term_alloc.o(.text) refers to h1_final.o(.text) for __Heap_Finalize
    exit.o(.text) refers to rtexit.o(.ARM.Collect$$rtexit$$00000000) for __rt_exit
    defsig_exit.o(.text) refers to sys_exit.o(.text) for _sys_exit
    defsig_rtmem_inner.o(.text) refers to defsig_general.o(.text) for __default_signal_display
    _get_argv_nomalloc.o(.text) refers (Special) to hrguard.o(.text) for __heap_region$guard
    _get_argv_nomalloc.o(.text) refers to defsig_rtmem_outer.o(.text) for __rt_SIGRTMEM
    _get_argv_nomalloc.o(.text) refers to sys_command.o(.text) for _sys_command_string
    libinit.o(.ARM.Collect$$libinit$$00000000) refers (Special) to libinit2.o(.ARM.Collect$$libinit$$0000002E) for __rt_lib_init_alloca_1
    libinit.o(.ARM.Collect$$libinit$$00000000) refers (Special) to libinit2.o(.ARM.Collect$$libinit$$0000002C) for __rt_lib_init_argv_1
    libinit.o(.ARM.Collect$$libinit$$00000000) refers (Special) to libinit2.o(.ARM.Collect$$libinit$$0000001B) for __rt_lib_init_atexit_1
    libinit.o(.ARM.Collect$$libinit$$00000000) refers (Special) to libinit2.o(.ARM.Collect$$libinit$$00000021) for __rt_lib_init_clock_1
    libinit.o(.ARM.Collect$$libinit$$00000000) refers (Special) to libinit2.o(.ARM.Collect$$libinit$$00000032) for __rt_lib_init_cpp_1
    libinit.o(.ARM.Collect$$libinit$$00000000) refers (Special) to libinit2.o(.ARM.Collect$$libinit$$00000030) for __rt_lib_init_exceptions_1
    libinit.o(.ARM.Collect$$libinit$$00000000) refers (Special) to libinit2.o(.ARM.Collect$$libinit$$00000002) for __rt_lib_init_fp_1
    libinit.o(.ARM.Collect$$libinit$$00000000) refers (Special) to libinit2.o(.ARM.Collect$$libinit$$0000001F) for __rt_lib_init_fp_trap_1
    libinit.o(.ARM.Collect$$libinit$$00000000) refers (Special) to libinit2.o(.ARM.Collect$$libinit$$00000023) for __rt_lib_init_getenv_1
    libinit.o(.ARM.Collect$$libinit$$00000000) refers (Special) to libinit2.o(.ARM.Collect$$libinit$$0000000A) for __rt_lib_init_heap_1
    libinit.o(.ARM.Collect$$libinit$$00000000) refers (Special) to libinit2.o(.ARM.Collect$$libinit$$00000011) for __rt_lib_init_lc_collate_1
    libinit.o(.ARM.Collect$$libinit$$00000000) refers (Special) to libinit2.o(.ARM.Collect$$libinit$$00000013) for __rt_lib_init_lc_ctype_1
    libinit.o(.ARM.Collect$$libinit$$00000000) refers (Special) to libinit2.o(.ARM.Collect$$libinit$$00000015) for __rt_lib_init_lc_monetary_1
    libinit.o(.ARM.Collect$$libinit$$00000000) refers (Special) to libinit2.o(.ARM.Collect$$libinit$$00000017) for __rt_lib_init_lc_numeric_1
    libinit.o(.ARM.Collect$$libinit$$00000000) refers (Special) to libinit2.o(.ARM.Collect$$libinit$$00000019) for __rt_lib_init_lc_time_1
    libinit.o(.ARM.Collect$$libinit$$00000000) refers (Special) to libinit2.o(.ARM.Collect$$libinit$$00000004) for __rt_lib_init_preinit_1
    libinit.o(.ARM.Collect$$libinit$$00000000) refers (Special) to libinit2.o(.ARM.Collect$$libinit$$0000000E) for __rt_lib_init_rand_1
    libinit.o(.ARM.Collect$$libinit$$00000000) refers (Special) to libinit2.o(.ARM.Collect$$libinit$$00000033) for __rt_lib_init_return
    libinit.o(.ARM.Collect$$libinit$$00000000) refers (Special) to libinit2.o(.ARM.Collect$$libinit$$0000001D) for __rt_lib_init_signal_1
    libinit.o(.ARM.Collect$$libinit$$00000000) refers (Special) to libinit2.o(.ARM.Collect$$libinit$$00000025) for __rt_lib_init_stdio_1
    libinit.o(.ARM.Collect$$libinit$$00000000) refers (Special) to libinit2.o(.ARM.Collect$$libinit$$0000000C) for __rt_lib_init_user_alloc_1
    sys_exit.o(.text) refers (Special) to use_no_semi.o(.text) for __I$use$semihosting
    sys_exit.o(.text) refers (Special) to indicate_semi.o(.text) for __semihosting_library_function
    rtexit.o(.ARM.Collect$$rtexit$$00000000) refers (Special) to rtexit2.o(.ARM.Collect$$rtexit$$00000004) for __rt_exit_exit
    rtexit.o(.ARM.Collect$$rtexit$$00000000) refers (Special) to rtexit2.o(.ARM.Collect$$rtexit$$00000003) for __rt_exit_ls
    rtexit.o(.ARM.Collect$$rtexit$$00000000) refers (Special) to rtexit2.o(.ARM.Collect$$rtexit$$00000002) for __rt_exit_prels_1
    rtexit.o(.ARM.exidx) refers (Special) to rtexit2.o(.ARM.Collect$$rtexit$$00000004) for __rt_exit_exit
    rtexit.o(.ARM.exidx) refers (Special) to rtexit2.o(.ARM.Collect$$rtexit$$00000003) for __rt_exit_ls
    rtexit.o(.ARM.exidx) refers (Special) to rtexit2.o(.ARM.Collect$$rtexit$$00000002) for __rt_exit_prels_1
    rtexit.o(.ARM.exidx) refers to rtexit.o(.ARM.Collect$$rtexit$$00000000) for .ARM.Collect$$rtexit$$00000000
    __raise.o(.text) refers to defsig.o(CL$$defsig) for __default_signal_handler
    defsig_general.o(.text) refers to sys_wrch.o(.text) for _ttywrch
    libshutdown2.o(.ARM.Collect$$libshutdown$$0000000D) refers (Weak) to term_alloc.o(.text) for _terminate_alloc
    sys_wrch.o(.text) refers (Special) to use_no_semi.o(.text) for __I$use$semihosting
    sys_wrch.o(.text) refers (Special) to indicate_semi.o(.text) for __semihosting_library_function
    rtexit2.o(.ARM.Collect$$rtexit$$00000003) refers to libshutdown.o(.ARM.Collect$$libshutdown$$00000000) for __rt_lib_shutdown
    rtexit2.o(.ARM.Collect$$rtexit$$00000004) refers to sys_exit.o(.text) for _sys_exit
    rtexit2.o(.ARM.exidx) refers to rtexit2.o(.ARM.Collect$$rtexit$$00000001) for .ARM.Collect$$rtexit$$00000001
    rtexit2.o(.ARM.exidx) refers to rtexit2.o(.ARM.Collect$$rtexit$$00000003) for .ARM.Collect$$rtexit$$00000003
    rtexit2.o(.ARM.exidx) refers to rtexit2.o(.ARM.Collect$$rtexit$$00000004) for .ARM.Collect$$rtexit$$00000004
    defsig.o(CL$$defsig) refers to defsig_rtmem_inner.o(.text) for __rt_SIGRTMEM_inner
    defsig_abrt_inner.o(.text) refers to defsig_general.o(.text) for __default_signal_display
    defsig_fpe_inner.o(.text) refers to defsig_general.o(.text) for __default_signal_display
    defsig_rtred_inner.o(.text) refers to defsig_general.o(.text) for __default_signal_display
    defsig_stak_inner.o(.text) refers to defsig_general.o(.text) for __default_signal_display
    defsig_pvfn_inner.o(.text) refers to defsig_general.o(.text) for __default_signal_display
    defsig_cppl_inner.o(.text) refers to defsig_general.o(.text) for __default_signal_display
    defsig_segv_inner.o(.text) refers to defsig_general.o(.text) for __default_signal_display
    defsig_other.o(.text) refers to defsig_general.o(.text) for __default_signal_display
    libshutdown.o(.ARM.Collect$$libshutdown$$00000000) refers (Special) to libshutdown2.o(.ARM.Collect$$libshutdown$$00000002) for __rt_lib_shutdown_cpp_1
    libshutdown.o(.ARM.Collect$$libshutdown$$00000000) refers (Special) to libshutdown2.o(.ARM.Collect$$libshutdown$$00000007) for __rt_lib_shutdown_fp_trap_1
    libshutdown.o(.ARM.Collect$$libshutdown$$00000000) refers (Special) to libshutdown2.o(.ARM.Collect$$libshutdown$$0000000F) for __rt_lib_shutdown_heap_1
    libshutdown.o(.ARM.Collect$$libshutdown$$00000000) refers (Special) to libshutdown2.o(.ARM.Collect$$libshutdown$$00000010) for __rt_lib_shutdown_return
    libshutdown.o(.ARM.Collect$$libshutdown$$00000000) refers (Special) to libshutdown2.o(.ARM.Collect$$libshutdown$$0000000A) for __rt_lib_shutdown_signal_1
    libshutdown.o(.ARM.Collect$$libshutdown$$00000000) refers (Special) to libshutdown2.o(.ARM.Collect$$libshutdown$$00000004) for __rt_lib_shutdown_stdio_1
    libshutdown.o(.ARM.Collect$$libshutdown$$00000000) refers (Special) to libshutdown2.o(.ARM.Collect$$libshutdown$$0000000C) for __rt_lib_shutdown_user_alloc_1


==============================================================================

Removing Unused input sections from the image.

    Removing flashprogram.o(i.Flash_FastWrite), (136 bytes).
    Removing flashprogram.o(i.MassWriteAddrValid), (22 bytes).
    Removing efile.o(i.OS_File_Read), (76 bytes).
    Removing bsp.o(i.BSP_Accelerometer_Init), (176 bytes).
    Removing bsp.o(i.BSP_Accelerometer_Input), (72 bytes).
    Removing bsp.o(i.BSP_Buzzer_Init), (212 bytes).
    Removing bsp.o(i.BSP_Buzzer_Set), (32 bytes).
    Removing bsp.o(i.BSP_Clock_GetFreq), (12 bytes).
    Removing bsp.o(i.BSP_Joystick_Init), (304 bytes).
    Removing bsp.o(i.BSP_Joystick_Input), (64 bytes).
    Removing bsp.o(i.BSP_LCD_Color565), (24 bytes).
    Removing bsp.o(i.BSP_LCD_DrawBitmap), (288 bytes).
    Removing bsp.o(i.BSP_LCD_DrawCharS), (248 bytes).
    Removing bsp.o(i.BSP_LCD_DrawFastHLine), (124 bytes).
    Removing bsp.o(i.BSP_LCD_DrawFastVLine), (124 bytes).
    Removing bsp.o(i.BSP_LCD_DrawPixel), (72 bytes).
    Removing bsp.o(i.BSP_LCD_Drawaxes), (292 bytes).
    Removing bsp.o(i.BSP_LCD_OutUDec), (144 bytes).
    Removing bsp.o(i.BSP_LCD_OutUDec5), (136 bytes).
    Removing bsp.o(i.BSP_LCD_OutUFix2_1), (112 bytes).
    Removing bsp.o(i.BSP_LCD_OutUHex2), (112 bytes).
    Removing bsp.o(i.BSP_LCD_PlotIncrement), (56 bytes).
    Removing bsp.o(i.BSP_LCD_PlotPoint), (100 bytes).
    Removing bsp.o(i.BSP_LCD_SwapColor), (18 bytes).
    Removing bsp.o(i.BSP_LightSensor_End), (68 bytes).
    Removing bsp.o(i.BSP_LightSensor_Init), (84 bytes).
    Removing bsp.o(i.BSP_LightSensor_Input), (52 bytes).
    Removing bsp.o(i.BSP_LightSensor_Start), (28 bytes).
    Removing bsp.o(i.BSP_Microphone_Init), (172 bytes).
    Removing bsp.o(i.BSP_Microphone_Input), (44 bytes).
    Removing bsp.o(i.BSP_PeriodicTask_Init), (192 bytes).
    Removing bsp.o(i.BSP_PeriodicTask_InitB), (188 bytes).
    Removing bsp.o(i.BSP_PeriodicTask_InitC), (188 bytes).
    Removing bsp.o(i.BSP_PeriodicTask_Restart), (24 bytes).
    Removing bsp.o(i.BSP_PeriodicTask_Stop), (24 bytes).
    Removing bsp.o(i.BSP_PeriodicTask_StopB), (24 bytes).
    Removing bsp.o(i.BSP_PeriodicTask_StopC), (24 bytes).
    Removing bsp.o(i.BSP_RGB_D_Init), (344 bytes).
    Removing bsp.o(i.BSP_RGB_D_Set), (64 bytes).
    Removing bsp.o(i.BSP_RGB_D_Toggle), (60 bytes).
    Removing bsp.o(i.BSP_RGB_Init), (576 bytes).
    Removing bsp.o(i.BSP_RGB_Set), (80 bytes).
    Removing bsp.o(i.BSP_TempSensor_End), (76 bytes).
    Removing bsp.o(i.BSP_TempSensor_Init), (84 bytes).
    Removing bsp.o(i.BSP_TempSensor_Input), (60 bytes).
    Removing bsp.o(i.BSP_TempSensor_Start), (28 bytes).
    Removing bsp.o(i.BSP_Time_Get), (16 bytes).
    Removing bsp.o(i.BSP_Time_Init), (108 bytes).
    Removing bsp.o(i.I2C_Recv2), (120 bytes).
    Removing bsp.o(i.I2C_Send1), (72 bytes).
    Removing bsp.o(i.I2C_Send3), (176 bytes).
    Removing bsp.o(i.adcinit), (76 bytes).
    Removing bsp.o(i.fillmessage2_1), (96 bytes).
    Removing bsp.o(i.fillmessage2_Hex), (84 bytes).
    Removing bsp.o(i.fillmessage5), (128 bytes).
    Removing bsp.o(i.i2cinit), (148 bytes).
    Removing bsp.o(i.lightsensorend), (80 bytes).
    Removing bsp.o(i.lightsensorstart), (36 bytes).
    Removing bsp.o(i.tempsensorend), (68 bytes).
    Removing bsp.o(i.tempsensorstart), (18 bytes).
    Removing fs_testing.o(i.main_debug), (272 bytes).
    Removing fs_testing.o(.data), (10 bytes).
    Removing system_tm4c123.o(.rev16_text), (4 bytes).
    Removing system_tm4c123.o(.revsh_text), (4 bytes).
    Removing system_tm4c123.o(.rrx_text), (6 bytes).
    Removing system_tm4c123.o(i.SystemCoreClockUpdate), (196 bytes).
    Removing system_tm4c123.o(i.SystemInit), (136 bytes).
    Removing system_tm4c123.o(i.getOscClk), (248 bytes).
    Removing system_tm4c123.o(.data), (4 bytes).

69 unused section(s) (total 7546 bytes) removed from the image.

==============================================================================

Image Symbol Table

    Local Symbols

    Symbol Name                              Value     Ov Type        Size  Object(Section)

    RESET                                    0x00000000   Section      620  startup_tm4c123.o(RESET)
    ../clib/angel/boardlib.s                 0x00000000   Number         0  boardshut.o ABSOLUTE
    ../clib/angel/boardlib.s                 0x00000000   Number         0  boardinit1.o ABSOLUTE
    ../clib/angel/boardlib.s                 0x00000000   Number         0  boardinit2.o ABSOLUTE
    ../clib/angel/boardlib.s                 0x00000000   Number         0  boardinit3.o ABSOLUTE
    ../clib/angel/handlers.s                 0x00000000   Number         0  __scatter_copy.o ABSOLUTE
    ../clib/angel/handlers.s                 0x00000000   Number         0  __scatter_zi.o ABSOLUTE
    ../clib/angel/kernel.s                   0x00000000   Number         0  __rtentry.o ABSOLUTE
    ../clib/angel/kernel.s                   0x00000000   Number         0  __rtentry2.o ABSOLUTE
    ../clib/angel/kernel.s                   0x00000000   Number         0  __rtentry4.o ABSOLUTE
    ../clib/angel/kernel.s                   0x00000000   Number         0  rtexit.o ABSOLUTE
    ../clib/angel/kernel.s                   0x00000000   Number         0  rtexit2.o ABSOLUTE
    ../clib/angel/rt.s                       0x00000000   Number         0  rt_heap_descriptor_intlibspace.o ABSOLUTE
    ../clib/angel/rt.s                       0x00000000   Number         0  rt_heap_descriptor.o ABSOLUTE
    ../clib/angel/rt.s                       0x00000000   Number         0  rt_raise.o ABSOLUTE
    ../clib/angel/scatter.s                  0x00000000   Number         0  __scatter.o ABSOLUTE
    ../clib/angel/startup.s                  0x00000000   Number         0  __main.o ABSOLUTE
    ../clib/angel/sys.s                      0x00000000   Number         0  use_no_semi.o ABSOLUTE
    ../clib/angel/sys.s                      0x00000000   Number         0  indicate_semi.o ABSOLUTE
    ../clib/angel/sys.s                      0x00000000   Number         0  libspace.o ABSOLUTE
    ../clib/angel/sys.s                      0x00000000   Number         0  mutex_dummy.o ABSOLUTE
    ../clib/angel/sys.s                      0x00000000   Number         0  sys_stackheap_outer.o ABSOLUTE
    ../clib/angel/sysapp.c                   0x00000000   Number         0  sys_command.o ABSOLUTE
    ../clib/angel/sysapp.c                   0x00000000   Number         0  sys_wrch.o ABSOLUTE
    ../clib/angel/sysapp.c                   0x00000000   Number         0  sys_exit.o ABSOLUTE
    ../clib/armsys.c                         0x00000000   Number         0  no_argv.o ABSOLUTE
    ../clib/armsys.c                         0x00000000   Number         0  _get_argv_nomalloc.o ABSOLUTE
    ../clib/armsys.c                         0x00000000   Number         0  argv_veneer.o ABSOLUTE
    ../clib/armsys.c                         0x00000000   Number         0  argv_veneer.o ABSOLUTE
    ../clib/armsys.c                         0x00000000   Number         0  _get_argv.o ABSOLUTE
    ../clib/heap1.c                          0x00000000   Number         0  h1_init_mt.o ABSOLUTE
    ../clib/heap1.c                          0x00000000   Number         0  h1_alloc_mt.o ABSOLUTE
    ../clib/heap1.c                          0x00000000   Number         0  h1_alloc.o ABSOLUTE
    ../clib/heap1.c                          0x00000000   Number         0  h1_init.o ABSOLUTE
    ../clib/heap1.c                          0x00000000   Number         0  h1_free_mt.o ABSOLUTE
    ../clib/heap1.c                          0x00000000   Number         0  h1_extend_mt.o ABSOLUTE
    ../clib/heap1.c                          0x00000000   Number         0  h1_extend.o ABSOLUTE
    ../clib/heap1.c                          0x00000000   Number         0  h1_final_mt.o ABSOLUTE
    ../clib/heap1.c                          0x00000000   Number         0  h1_final.o ABSOLUTE
    ../clib/heap1.c                          0x00000000   Number         0  h1_free.o ABSOLUTE
    ../clib/heap2.c                          0x00000000   Number         0  heap2mt.o ABSOLUTE
    ../clib/heap2.c                          0x00000000   Number         0  heap2.o ABSOLUTE
    ../clib/heap2.c                          0x00000000   Number         0  fdtree.o ABSOLUTE
    ../clib/heapalloc.c                      0x00000000   Number         0  maybetermalloc1.o ABSOLUTE
    ../clib/heapalloc.c                      0x00000000   Number         0  maybetermalloc1.o ABSOLUTE
    ../clib/heapalloc.c                      0x00000000   Number         0  hrguard.o ABSOLUTE
    ../clib/heapalloc.c                      0x00000000   Number         0  malloc.o ABSOLUTE
    ../clib/heapalloc.c                      0x00000000   Number         0  hguard.o ABSOLUTE
    ../clib/heapalloc.c                      0x00000000   Number         0  init_alloc.o ABSOLUTE
    ../clib/heapalloc.c                      0x00000000   Number         0  free.o ABSOLUTE
    ../clib/heapalloc.c                      0x00000000   Number         0  heapstubs.o ABSOLUTE
    ../clib/heapalloc.c                      0x00000000   Number         0  term_alloc.o ABSOLUTE
    ../clib/heapalloc.c                      0x00000000   Number         0  maybetermalloc2.o ABSOLUTE
    ../clib/heapalloc.c                      0x00000000   Number         0  maybetermalloc2.o ABSOLUTE
    ../clib/heapaux.c                        0x00000000   Number         0  heapauxi.o ABSOLUTE
    ../clib/heapaux.c                        0x00000000   Number         0  heapauxa.o ABSOLUTE
    ../clib/libinit.s                        0x00000000   Number         0  libshutdown2.o ABSOLUTE
    ../clib/libinit.s                        0x00000000   Number         0  libinit.o ABSOLUTE
    ../clib/libinit.s                        0x00000000   Number         0  libshutdown.o ABSOLUTE
    ../clib/libinit.s                        0x00000000   Number         0  libinit2.o ABSOLUTE
    ../clib/memcpset.s                       0x00000000   Number         0  rt_memcpy_w.o ABSOLUTE
    ../clib/signal.c                         0x00000000   Number         0  defsig_fpe_inner.o ABSOLUTE
    ../clib/signal.c                         0x00000000   Number         0  defsig_exit.o ABSOLUTE
    ../clib/signal.c                         0x00000000   Number         0  defsig_rtmem_inner.o ABSOLUTE
    ../clib/signal.c                         0x00000000   Number         0  defsig_other.o ABSOLUTE
    ../clib/signal.c                         0x00000000   Number         0  defsig_segv_inner.o ABSOLUTE
    ../clib/signal.c                         0x00000000   Number         0  defsig_cppl_inner.o ABSOLUTE
    ../clib/signal.c                         0x00000000   Number         0  defsig_pvfn_inner.o ABSOLUTE
    ../clib/signal.c                         0x00000000   Number         0  defsig_rtmem_outer.o ABSOLUTE
    ../clib/signal.c                         0x00000000   Number         0  defsig_rtred_inner.o ABSOLUTE
    ../clib/signal.c                         0x00000000   Number         0  __raise.o ABSOLUTE
    ../clib/signal.c                         0x00000000   Number         0  defsig_general.o ABSOLUTE
    ../clib/signal.c                         0x00000000   Number         0  defsig_abrt_inner.o ABSOLUTE
    ../clib/signal.c                         0x00000000   Number         0  defsig_rtmem_formal.o ABSOLUTE
    ../clib/signal.c                         0x00000000   Number         0  defsig_stak_inner.o ABSOLUTE
    ../clib/signal.s                         0x00000000   Number         0  defsig.o ABSOLUTE
    ../clib/stdlib.c                         0x00000000   Number         0  exit.o ABSOLUTE
    ../fplib/fpinit.s                        0x00000000   Number         0  fpinit.o ABSOLUTE
    BSP.c                                    0x00000000   Number         0  bsp.o ABSOLUTE
    BSP.c                                    0x00000000   Number         0  bsp.o ABSOLUTE
    FlashProgram.c                           0x00000000   Number         0  flashprogram.o ABSOLUTE
    RTE\Device\TM4C123GH6PM\startup_TM4C123.s 0x00000000   Number         0  startup_tm4c123.o ABSOLUTE
    RTE\Device\TM4C123GH6PM\system_TM4C123.c 0x00000000   Number         0  system_tm4c123.o ABSOLUTE
    RTE\\Device\\TM4C123GH6PM\\system_TM4C123.c 0x00000000   Number         0  system_tm4c123.o ABSOLUTE
    dc.s                                     0x00000000   Number         0  dc.o ABSOLUTE
    eDisk.c                                  0x00000000   Number         0  edisk.o ABSOLUTE
    eFile.c                                  0x00000000   Number         0  efile.o ABSOLUTE
    fs_testing.c                             0x00000000   Number         0  fs_testing.o ABSOLUTE
    !!!main                                  0x0000026c   Section        8  __main.o(!!!main)
    !!!scatter                               0x00000274   Section       52  __scatter.o(!!!scatter)
    !!handler_copy                           0x000002a8   Section       26  __scatter_copy.o(!!handler_copy)
    !!handler_zi                             0x000002c4   Section       28  __scatter_zi.o(!!handler_zi)
    .ARM.Collect$$libinit$$00000000          0x000002e0   Section        2  libinit.o(.ARM.Collect$$libinit$$00000000)
    .ARM.Collect$$libinit$$00000002          0x000002e2   Section        0  libinit2.o(.ARM.Collect$$libinit$$00000002)
    .ARM.Collect$$libinit$$00000004          0x000002e2   Section        0  libinit2.o(.ARM.Collect$$libinit$$00000004)
    .ARM.Collect$$libinit$$0000000A          0x000002e2   Section        0  libinit2.o(.ARM.Collect$$libinit$$0000000A)
    .ARM.Collect$$libinit$$0000000C          0x000002e2   Section        0  libinit2.o(.ARM.Collect$$libinit$$0000000C)
    .ARM.Collect$$libinit$$0000000E          0x000002e2   Section        0  libinit2.o(.ARM.Collect$$libinit$$0000000E)
    .ARM.Collect$$libinit$$00000011          0x000002e2   Section        0  libinit2.o(.ARM.Collect$$libinit$$00000011)
    .ARM.Collect$$libinit$$00000013          0x000002e2   Section        0  libinit2.o(.ARM.Collect$$libinit$$00000013)
    .ARM.Collect$$libinit$$00000015          0x000002e2   Section        0  libinit2.o(.ARM.Collect$$libinit$$00000015)
    .ARM.Collect$$libinit$$00000017          0x000002e2   Section        0  libinit2.o(.ARM.Collect$$libinit$$00000017)
    .ARM.Collect$$libinit$$00000019          0x000002e2   Section        0  libinit2.o(.ARM.Collect$$libinit$$00000019)
    .ARM.Collect$$libinit$$0000001B          0x000002e2   Section        0  libinit2.o(.ARM.Collect$$libinit$$0000001B)
    .ARM.Collect$$libinit$$0000001D          0x000002e2   Section        0  libinit2.o(.ARM.Collect$$libinit$$0000001D)
    .ARM.Collect$$libinit$$0000001F          0x000002e2   Section        0  libinit2.o(.ARM.Collect$$libinit$$0000001F)
    .ARM.Collect$$libinit$$00000021          0x000002e2   Section        0  libinit2.o(.ARM.Collect$$libinit$$00000021)
    .ARM.Collect$$libinit$$00000023          0x000002e2   Section        0  libinit2.o(.ARM.Collect$$libinit$$00000023)
    .ARM.Collect$$libinit$$00000025          0x000002e2   Section        0  libinit2.o(.ARM.Collect$$libinit$$00000025)
    .ARM.Collect$$libinit$$0000002C          0x000002e2   Section        0  libinit2.o(.ARM.Collect$$libinit$$0000002C)
    .ARM.Collect$$libinit$$0000002E          0x000002e2   Section        0  libinit2.o(.ARM.Collect$$libinit$$0000002E)
    .ARM.Collect$$libinit$$00000030          0x000002e2   Section        0  libinit2.o(.ARM.Collect$$libinit$$00000030)
    .ARM.Collect$$libinit$$00000032          0x000002e2   Section        0  libinit2.o(.ARM.Collect$$libinit$$00000032)
    .ARM.Collect$$libinit$$00000033          0x000002e2   Section        2  libinit2.o(.ARM.Collect$$libinit$$00000033)
    .ARM.Collect$$libshutdown$$00000000      0x000002e4   Section        2  libshutdown.o(.ARM.Collect$$libshutdown$$00000000)
    .ARM.Collect$$libshutdown$$00000002      0x000002e6   Section        0  libshutdown2.o(.ARM.Collect$$libshutdown$$00000002)
    .ARM.Collect$$libshutdown$$00000004      0x000002e6   Section        0  libshutdown2.o(.ARM.Collect$$libshutdown$$00000004)
    .ARM.Collect$$libshutdown$$00000007      0x000002e6   Section        0  libshutdown2.o(.ARM.Collect$$libshutdown$$00000007)
    .ARM.Collect$$libshutdown$$0000000A      0x000002e6   Section        0  libshutdown2.o(.ARM.Collect$$libshutdown$$0000000A)
    .ARM.Collect$$libshutdown$$0000000C      0x000002e6   Section        0  libshutdown2.o(.ARM.Collect$$libshutdown$$0000000C)
    .ARM.Collect$$libshutdown$$0000000F      0x000002e6   Section        0  libshutdown2.o(.ARM.Collect$$libshutdown$$0000000F)
    .ARM.Collect$$libshutdown$$00000010      0x000002e6   Section        2  libshutdown2.o(.ARM.Collect$$libshutdown$$00000010)
    .ARM.Collect$$rtentry$$00000000          0x000002e8   Section        0  __rtentry.o(.ARM.Collect$$rtentry$$00000000)
    .ARM.Collect$$rtentry$$00000002          0x000002e8   Section        0  __rtentry2.o(.ARM.Collect$$rtentry$$00000002)
    .ARM.Collect$$rtentry$$00000004          0x000002e8   Section        6  __rtentry4.o(.ARM.Collect$$rtentry$$00000004)
    .ARM.Collect$$rtentry$$00000009          0x000002ee   Section        0  __rtentry2.o(.ARM.Collect$$rtentry$$00000009)
    .ARM.Collect$$rtentry$$0000000A          0x000002ee   Section        4  __rtentry2.o(.ARM.Collect$$rtentry$$0000000A)
    .ARM.Collect$$rtentry$$0000000C          0x000002f2   Section        0  __rtentry2.o(.ARM.Collect$$rtentry$$0000000C)
    .ARM.Collect$$rtentry$$0000000D          0x000002f2   Section        8  __rtentry2.o(.ARM.Collect$$rtentry$$0000000D)
    .ARM.Collect$$rtexit$$00000000           0x000002fa   Section        2  rtexit.o(.ARM.Collect$$rtexit$$00000000)
    .ARM.Collect$$rtexit$$00000002           0x000002fc   Section        0  rtexit2.o(.ARM.Collect$$rtexit$$00000002)
    .ARM.Collect$$rtexit$$00000003           0x000002fc   Section        4  rtexit2.o(.ARM.Collect$$rtexit$$00000003)
    .ARM.Collect$$rtexit$$00000004           0x00000300   Section        6  rtexit2.o(.ARM.Collect$$rtexit$$00000004)
    .emb_text                                0x00000308   Section        6  bsp.o(.emb_text)
    .text                                    0x00000310   Section      296  startup_tm4c123.o(.text)
    .text                                    0x00000438   Section        0  heapauxi.o(.text)
    .text                                    0x00000440   Section        8  libspace.o(.text)
    .text                                    0x00000448   Section        2  use_no_semi.o(.text)
    .text                                    0x0000044a   Section       74  sys_stackheap_outer.o(.text)
    .text                                    0x0000044a   Section        0  indicate_semi.o(.text)
    .text                                    0x00000494   Section        0  exit.o(.text)
    .text                                    0x000004a8   Section        0  sys_exit.o(.text)
    i.BSP_Button1_Init                       0x000004b4   Section        0  bsp.o(i.BSP_Button1_Init)
    i.BSP_Button1_Input                      0x00000534   Section        0  bsp.o(i.BSP_Button1_Input)
    i.BSP_Button2_Init                       0x00000540   Section        0  bsp.o(i.BSP_Button2_Init)
    i.BSP_Button2_Input                      0x000005d0   Section        0  bsp.o(i.BSP_Button2_Input)
    i.BSP_Clock_InitFastest                  0x000005dc   Section        0  bsp.o(i.BSP_Clock_InitFastest)
    i.BSP_Delay1ms                           0x00000668   Section        0  bsp.o(i.BSP_Delay1ms)
    i.BSP_LCD_DrawChar                       0x00000680   Section        0  bsp.o(i.BSP_LCD_DrawChar)
    i.BSP_LCD_DrawString                     0x00000790   Section        0  bsp.o(i.BSP_LCD_DrawString)
    i.BSP_LCD_FillRect                       0x000007e8   Section        0  bsp.o(i.BSP_LCD_FillRect)
    i.BSP_LCD_FillScreen                     0x00000894   Section        0  bsp.o(i.BSP_LCD_FillScreen)
    i.BSP_LCD_Init                           0x000008b8   Section        0  bsp.o(i.BSP_LCD_Init)
    i.BSP_LCD_OutUDec4                       0x000008c4   Section        0  bsp.o(i.BSP_LCD_OutUDec4)
    i.BSP_LCD_SetCursor                      0x0000094c   Section        0  bsp.o(i.BSP_LCD_SetCursor)
    i.DisplayDirectory                       0x0000096c   Section        0  fs_testing.o(i.DisplayDirectory)
    i.EraseAddrValid                         0x00000a84   Section        0  flashprogram.o(i.EraseAddrValid)
    EraseAddrValid                           0x00000a85   Thumb Code    22  flashprogram.o(i.EraseAddrValid)
    i.Flash_Erase                            0x00000a9c   Section        0  flashprogram.o(i.Flash_Erase)
    i.Flash_Write                            0x00000b00   Section        0  flashprogram.o(i.Flash_Write)
    i.Flash_WriteArray                       0x00000b68   Section        0  flashprogram.o(i.Flash_WriteArray)
    i.MountDirectory                         0x00000b98   Section        0  efile.o(i.MountDirectory)
    i.OS_File_Append                         0x00000be0   Section        0  efile.o(i.OS_File_Append)
    i.OS_File_Flush                          0x00000c0c   Section        0  efile.o(i.OS_File_Flush)
    i.OS_File_Format                         0x00000c48   Section        0  efile.o(i.OS_File_Format)
    i.OS_File_New                            0x00000c5c   Section        0  efile.o(i.OS_File_New)
    i.OS_File_Size                           0x00000c84   Section        0  efile.o(i.OS_File_Size)
    i.ST7735_InitR                           0x00000cb4   Section        0  bsp.o(i.ST7735_InitR)
    ST7735_InitR                             0x00000cb5   Thumb Code    86  bsp.o(i.ST7735_InitR)
    i.WideTimer3A_Handler                    0x00000d28   Section        0  bsp.o(i.WideTimer3A_Handler)
    i.WideTimer4A_Handler                    0x00000d40   Section        0  bsp.o(i.WideTimer4A_Handler)
    i.WideTimer5A_Handler                    0x00000d58   Section        0  bsp.o(i.WideTimer5A_Handler)
    i.WriteAddrValid                         0x00000d70   Section        0  flashprogram.o(i.WriteAddrValid)
    WriteAddrValid                           0x00000d71   Thumb Code    22  flashprogram.o(i.WriteAddrValid)
    i.appendfat                              0x00000d88   Section        0  efile.o(i.appendfat)
    i.commandList                            0x00000dbc   Section        0  bsp.o(i.commandList)
    commandList                              0x00000dbd   Thumb Code    86  bsp.o(i.commandList)
    i.commonInit                             0x00000e14   Section        0  bsp.o(i.commonInit)
    commonInit                               0x00000e15   Thumb Code   452  bsp.o(i.commonInit)
    i.eDisk_Format                           0x00001018   Section        0  edisk.o(i.eDisk_Format)
    i.eDisk_ReadSector                       0x00001036   Section        0  edisk.o(i.eDisk_ReadSector)
    i.eDisk_WriteSector                      0x0000106a   Section        0  edisk.o(i.eDisk_WriteSector)
    i.fillmessage                            0x00001094   Section        0  bsp.o(i.fillmessage)
    fillmessage                              0x00001095   Thumb Code    64  bsp.o(i.fillmessage)
    i.fillmessage4                           0x000010dc   Section        0  bsp.o(i.fillmessage4)
    fillmessage4                             0x000010dd   Thumb Code    90  bsp.o(i.fillmessage4)
    i.findfreesector                         0x00001140   Section        0  efile.o(i.findfreesector)
    i.lastsector                             0x00001178   Section        0  efile.o(i.lastsector)
    i.main                                   0x0000119c   Section        0  fs_testing.o(i.main)
    i.max                                    0x00001430   Section        0  efile.o(i.max)
    i.pushColor                              0x0000143e   Section        0  bsp.o(i.pushColor)
    pushColor                                0x0000143f   Thumb Code    18  bsp.o(i.pushColor)
    i.setAddrWindow                          0x00001450   Section        0  bsp.o(i.setAddrWindow)
    setAddrWindow                            0x00001451   Thumb Code   106  bsp.o(i.setAddrWindow)
    i.testbuildbuff                          0x000014c4   Section        0  fs_testing.o(i.testbuildbuff)
    i.writecommand                           0x000014f4   Section        0  bsp.o(i.writecommand)
    writecommand                             0x000014f5   Thumb Code    62  bsp.o(i.writecommand)
    i.writedata                              0x0000153c   Section        0  bsp.o(i.writedata)
    writedata                                0x0000153d   Thumb Code    64  bsp.o(i.writedata)
    .constdata                               0x00001584   Section     1403  bsp.o(.constdata)
    Font                                     0x00001584   Data        1275  bsp.o(.constdata)
    Rcmd1                                    0x00001a7f   Data          59  bsp.o(.constdata)
    Rcmd2green                               0x00001aba   Data          13  bsp.o(.constdata)
    Rcmd2red                                 0x00001ac7   Data          13  bsp.o(.constdata)
    Rcmd3                                    0x00001ad4   Data          43  bsp.o(.constdata)
    .constdata                               0x00001b00   Section       18  fs_testing.o(.constdata)
    .data                                    0x20000000   Section        4  efile.o(.data)
    .data                                    0x20000004   Section       68  bsp.o(.data)
    ClockFrequency                           0x20000004   Data           4  bsp.o(.data)
    PWMCycles                                0x20000008   Data           2  bsp.o(.data)
    ColStart                                 0x20000016   Data           1  bsp.o(.data)
    RowStart                                 0x20000017   Data           1  bsp.o(.data)
    _width                                   0x20000018   Data           2  bsp.o(.data)
    _height                                  0x2000001a   Data           2  bsp.o(.data)
    .bss                                     0x20000048   Section     1024  efile.o(.bss)
    .bss                                     0x20000448   Section       12  bsp.o(.bss)
    .bss                                     0x20000454   Section       96  libspace.o(.bss)
    HEAP                                     0x200004b8   Section     1536  startup_tm4c123.o(HEAP)
    Heap_Mem                                 0x200004b8   Data        1536  startup_tm4c123.o(HEAP)
    STACK                                    0x20000ab8   Section     1536  startup_tm4c123.o(STACK)
    Stack_Mem                                0x20000ab8   Data        1536  startup_tm4c123.o(STACK)
    __initial_sp                             0x200010b8   Data           0  startup_tm4c123.o(STACK)

    Global Symbols

    Symbol Name                              Value     Ov Type        Size  Object(Section)

    BuildAttributes$$THM_ISAv4$E$P$D$K$B$S$7EM$PE$A:L22UL41UL21$X:L11$S22US41US21$IEEE1$IW$USESV6$~STKCKD$USESV7$~SHL$OTIME$ROPI$EBA8$UX$STANDARDLIB$REQ8$PRES8$EABIv2 0x00000000   Number         0  anon$$obj.o ABSOLUTE
    __ARM_use_no_argv                        0x00000000   Number         0  fs_testing.o ABSOLUTE
    __Vectors                                0x00000000   Data           4  startup_tm4c123.o(RESET)
    __ARM_exceptions_init                     - Undefined Weak Reference
    __alloca_initialize                       - Undefined Weak Reference
    __arm_preinit_                            - Undefined Weak Reference
    __cpp_initialize__aeabi_                  - Undefined Weak Reference
    __cxa_finalize                            - Undefined Weak Reference
    __rt_locale                               - Undefined Weak Reference
    __sigvec_lookup                           - Undefined Weak Reference
    __user_heap_extent                        - Undefined Weak Reference
    _atexit_init                              - Undefined Weak Reference
    _call_atexit_fns                          - Undefined Weak Reference
    _clock_init                               - Undefined Weak Reference
    _fp_trap_init                             - Undefined Weak Reference
    _fp_trap_shutdown                         - Undefined Weak Reference
    _get_lc_collate                           - Undefined Weak Reference
    _get_lc_ctype                             - Undefined Weak Reference
    _get_lc_monetary                          - Undefined Weak Reference
    _get_lc_numeric                           - Undefined Weak Reference
    _get_lc_time                              - Undefined Weak Reference
    _getenv_init                              - Undefined Weak Reference
    _handle_redirection                       - Undefined Weak Reference
    _initio                                   - Undefined Weak Reference
    _mutex_acquire                            - Undefined Weak Reference
    _mutex_free                               - Undefined Weak Reference
    _mutex_release                            - Undefined Weak Reference
    _rand_init                                - Undefined Weak Reference
    _signal_finish                            - Undefined Weak Reference
    _signal_init                              - Undefined Weak Reference
    _terminateio                              - Undefined Weak Reference
    __Vectors_End                            0x0000026c   Data           0  startup_tm4c123.o(RESET)
    __Vectors_Size                           0x0000026c   Number         0  startup_tm4c123.o ABSOLUTE
    __main                                   0x0000026d   Thumb Code     8  __main.o(!!!main)
    __scatterload                            0x00000275   Thumb Code     0  __scatter.o(!!!scatter)
    __scatterload_rt2                        0x00000275   Thumb Code    44  __scatter.o(!!!scatter)
    __scatterload_rt2_thumb_only             0x00000275   Thumb Code     0  __scatter.o(!!!scatter)
    __scatterload_null                       0x00000283   Thumb Code     0  __scatter.o(!!!scatter)
    __scatterload_copy                       0x000002a9   Thumb Code    26  __scatter_copy.o(!!handler_copy)
    __scatterload_zeroinit                   0x000002c5   Thumb Code    28  __scatter_zi.o(!!handler_zi)
    __rt_lib_init                            0x000002e1   Thumb Code     0  libinit.o(.ARM.Collect$$libinit$$00000000)
    __rt_lib_init_alloca_1                   0x000002e3   Thumb Code     0  libinit2.o(.ARM.Collect$$libinit$$0000002E)
    __rt_lib_init_argv_1                     0x000002e3   Thumb Code     0  libinit2.o(.ARM.Collect$$libinit$$0000002C)
    __rt_lib_init_atexit_1                   0x000002e3   Thumb Code     0  libinit2.o(.ARM.Collect$$libinit$$0000001B)
    __rt_lib_init_clock_1                    0x000002e3   Thumb Code     0  libinit2.o(.ARM.Collect$$libinit$$00000021)
    __rt_lib_init_cpp_1                      0x000002e3   Thumb Code     0  libinit2.o(.ARM.Collect$$libinit$$00000032)
    __rt_lib_init_exceptions_1               0x000002e3   Thumb Code     0  libinit2.o(.ARM.Collect$$libinit$$00000030)
    __rt_lib_init_fp_1                       0x000002e3   Thumb Code     0  libinit2.o(.ARM.Collect$$libinit$$00000002)
    __rt_lib_init_fp_trap_1                  0x000002e3   Thumb Code     0  libinit2.o(.ARM.Collect$$libinit$$0000001F)
    __rt_lib_init_getenv_1                   0x000002e3   Thumb Code     0  libinit2.o(.ARM.Collect$$libinit$$00000023)
    __rt_lib_init_heap_1                     0x000002e3   Thumb Code     0  libinit2.o(.ARM.Collect$$libinit$$0000000A)
    __rt_lib_init_lc_collate_1               0x000002e3   Thumb Code     0  libinit2.o(.ARM.Collect$$libinit$$00000011)
    __rt_lib_init_lc_ctype_1                 0x000002e3   Thumb Code     0  libinit2.o(.ARM.Collect$$libinit$$00000013)
    __rt_lib_init_lc_monetary_1              0x000002e3   Thumb Code     0  libinit2.o(.ARM.Collect$$libinit$$00000015)
    __rt_lib_init_lc_numeric_1               0x000002e3   Thumb Code     0  libinit2.o(.ARM.Collect$$libinit$$00000017)
    __rt_lib_init_lc_time_1                  0x000002e3   Thumb Code     0  libinit2.o(.ARM.Collect$$libinit$$00000019)
    __rt_lib_init_preinit_1                  0x000002e3   Thumb Code     0  libinit2.o(.ARM.Collect$$libinit$$00000004)
    __rt_lib_init_rand_1                     0x000002e3   Thumb Code     0  libinit2.o(.ARM.Collect$$libinit$$0000000E)
    __rt_lib_init_return                     0x000002e3   Thumb Code     0  libinit2.o(.ARM.Collect$$libinit$$00000033)
    __rt_lib_init_signal_1                   0x000002e3   Thumb Code     0  libinit2.o(.ARM.Collect$$libinit$$0000001D)
    __rt_lib_init_stdio_1                    0x000002e3   Thumb Code     0  libinit2.o(.ARM.Collect$$libinit$$00000025)
    __rt_lib_init_user_alloc_1               0x000002e3   Thumb Code     0  libinit2.o(.ARM.Collect$$libinit$$0000000C)
    __rt_lib_shutdown                        0x000002e5   Thumb Code     0  libshutdown.o(.ARM.Collect$$libshutdown$$00000000)
    __rt_lib_shutdown_cpp_1                  0x000002e7   Thumb Code     0  libshutdown2.o(.ARM.Collect$$libshutdown$$00000002)
    __rt_lib_shutdown_fp_trap_1              0x000002e7   Thumb Code     0  libshutdown2.o(.ARM.Collect$$libshutdown$$00000007)
    __rt_lib_shutdown_heap_1                 0x000002e7   Thumb Code     0  libshutdown2.o(.ARM.Collect$$libshutdown$$0000000F)
    __rt_lib_shutdown_return                 0x000002e7   Thumb Code     0  libshutdown2.o(.ARM.Collect$$libshutdown$$00000010)
    __rt_lib_shutdown_signal_1               0x000002e7   Thumb Code     0  libshutdown2.o(.ARM.Collect$$libshutdown$$0000000A)
    __rt_lib_shutdown_stdio_1                0x000002e7   Thumb Code     0  libshutdown2.o(.ARM.Collect$$libshutdown$$00000004)
    __rt_lib_shutdown_user_alloc_1           0x000002e7   Thumb Code     0  libshutdown2.o(.ARM.Collect$$libshutdown$$0000000C)
    __rt_entry                               0x000002e9   Thumb Code     0  __rtentry.o(.ARM.Collect$$rtentry$$00000000)
    __rt_entry_presh_1                       0x000002e9   Thumb Code     0  __rtentry2.o(.ARM.Collect$$rtentry$$00000002)
    __rt_entry_sh                            0x000002e9   Thumb Code     0  __rtentry4.o(.ARM.Collect$$rtentry$$00000004)
    __rt_entry_li                            0x000002ef   Thumb Code     0  __rtentry2.o(.ARM.Collect$$rtentry$$0000000A)
    __rt_entry_postsh_1                      0x000002ef   Thumb Code     0  __rtentry2.o(.ARM.Collect$$rtentry$$00000009)
    __rt_entry_main                          0x000002f3   Thumb Code     0  __rtentry2.o(.ARM.Collect$$rtentry$$0000000D)
    __rt_entry_postli_1                      0x000002f3   Thumb Code     0  __rtentry2.o(.ARM.Collect$$rtentry$$0000000C)
    __rt_exit                                0x000002fb   Thumb Code     0  rtexit.o(.ARM.Collect$$rtexit$$00000000)
    __rt_exit_ls                             0x000002fd   Thumb Code     0  rtexit2.o(.ARM.Collect$$rtexit$$00000003)
    __rt_exit_prels_1                        0x000002fd   Thumb Code     0  rtexit2.o(.ARM.Collect$$rtexit$$00000002)
    __rt_exit_exit                           0x00000301   Thumb Code     0  rtexit2.o(.ARM.Collect$$rtexit$$00000004)
    parrotdelay                              0x00000309   Thumb Code     6  bsp.o(.emb_text)
    Reset_Handler                            0x00000311   Thumb Code     4  startup_tm4c123.o(.text)
    NMI_Handler                              0x00000315   Thumb Code     2  startup_tm4c123.o(.text)
    HardFault_Handler                        0x00000317   Thumb Code     2  startup_tm4c123.o(.text)
    MemManage_Handler                        0x00000319   Thumb Code     2  startup_tm4c123.o(.text)
    BusFault_Handler                         0x0000031b   Thumb Code     2  startup_tm4c123.o(.text)
    UsageFault_Handler                       0x0000031d   Thumb Code     2  startup_tm4c123.o(.text)
    SVC_Handler                              0x0000031f   Thumb Code     2  startup_tm4c123.o(.text)
    DebugMon_Handler                         0x00000321   Thumb Code     2  startup_tm4c123.o(.text)
    PendSV_Handler                           0x00000323   Thumb Code     2  startup_tm4c123.o(.text)
    SysTick_Handler                          0x00000325   Thumb Code     2  startup_tm4c123.o(.text)
    GPIOPortA_Handler                        0x00000327   Thumb Code     2  startup_tm4c123.o(.text)
    GPIOPortB_Handler                        0x00000329   Thumb Code     2  startup_tm4c123.o(.text)
    GPIOPortC_Handler                        0x0000032b   Thumb Code     2  startup_tm4c123.o(.text)
    GPIOPortD_Handler                        0x0000032d   Thumb Code     2  startup_tm4c123.o(.text)
    GPIOPortE_Handler                        0x0000032f   Thumb Code     2  startup_tm4c123.o(.text)
    UART0_Handler                            0x00000331   Thumb Code     2  startup_tm4c123.o(.text)
    UART1_Handler                            0x00000333   Thumb Code     2  startup_tm4c123.o(.text)
    SSI0_Handler                             0x00000335   Thumb Code     2  startup_tm4c123.o(.text)
    I2C0_Handler                             0x00000337   Thumb Code     2  startup_tm4c123.o(.text)
    PMW0_FAULT_Handler                       0x00000339   Thumb Code     2  startup_tm4c123.o(.text)
    PWM0Generator0_Handler                   0x0000033b   Thumb Code     2  startup_tm4c123.o(.text)
    PWM0Generator1_Handler                   0x0000033d   Thumb Code     2  startup_tm4c123.o(.text)
    PWM0Generator2_Handler                   0x0000033f   Thumb Code     2  startup_tm4c123.o(.text)
    Quadrature0_Handler                      0x00000341   Thumb Code     2  startup_tm4c123.o(.text)
    ADC0Seq0_Handler                         0x00000343   Thumb Code     2  startup_tm4c123.o(.text)
    ADC0Seq1_Handler                         0x00000345   Thumb Code     2  startup_tm4c123.o(.text)
    ADC0Seq2_Handler                         0x00000347   Thumb Code     2  startup_tm4c123.o(.text)
    ADC0Seq3_Handler                         0x00000349   Thumb Code     2  startup_tm4c123.o(.text)
    WDT_Handler                              0x0000034b   Thumb Code     2  startup_tm4c123.o(.text)
    TIMER0A_Handler                          0x0000034d   Thumb Code     2  startup_tm4c123.o(.text)
    TIMER0B_Handler                          0x0000034f   Thumb Code     2  startup_tm4c123.o(.text)
    TIMER1A_Handler                          0x00000351   Thumb Code     2  startup_tm4c123.o(.text)
    TIMER1B_Handler                          0x00000353   Thumb Code     2  startup_tm4c123.o(.text)
    TIMER2A_Handler                          0x00000355   Thumb Code     2  startup_tm4c123.o(.text)
    TIMER2B_Handler                          0x00000357   Thumb Code     2  startup_tm4c123.o(.text)
    COMP0_Handler                            0x00000359   Thumb Code     2  startup_tm4c123.o(.text)
    COMP1_Handler                            0x0000035b   Thumb Code     2  startup_tm4c123.o(.text)
    COMP2_Handler                            0x0000035d   Thumb Code     2  startup_tm4c123.o(.text)
    SYSCTL_Handler                           0x0000035f   Thumb Code     2  startup_tm4c123.o(.text)
    FlashCtl_Handler                         0x00000361   Thumb Code     2  startup_tm4c123.o(.text)
    GPIOPortF_Handler                        0x00000363   Thumb Code     2  startup_tm4c123.o(.text)
    GPIOPortG_Handler                        0x00000365   Thumb Code     2  startup_tm4c123.o(.text)
    GPIOPortH_Handler                        0x00000367   Thumb Code     2  startup_tm4c123.o(.text)
    UART2_Handler                            0x00000369   Thumb Code     2  startup_tm4c123.o(.text)
    SSI1_Handler                             0x0000036b   Thumb Code     2  startup_tm4c123.o(.text)
    TIMER3A_Handler                          0x0000036d   Thumb Code     2  startup_tm4c123.o(.text)
    TIMER3B_Handler                          0x0000036f   Thumb Code     2  startup_tm4c123.o(.text)
    I2C1_Handler                             0x00000371   Thumb Code     2  startup_tm4c123.o(.text)
    Quadrature1_Handler                      0x00000373   Thumb Code     2  startup_tm4c123.o(.text)
    CAN0_Handler                             0x00000375   Thumb Code     2  startup_tm4c123.o(.text)
    CAN1_Handler                             0x00000377   Thumb Code     2  startup_tm4c123.o(.text)
    CAN2_Handler                             0x00000379   Thumb Code     2  startup_tm4c123.o(.text)
    Hibernate_Handler                        0x0000037b   Thumb Code     2  startup_tm4c123.o(.text)
    USB0_Handler                             0x0000037d   Thumb Code     2  startup_tm4c123.o(.text)
    PWM0Generator3_Handler                   0x0000037f   Thumb Code     2  startup_tm4c123.o(.text)
    UDMA_Handler                             0x00000381   Thumb Code     2  startup_tm4c123.o(.text)
    UDMAERR_Handler                          0x00000383   Thumb Code     2  startup_tm4c123.o(.text)
    ADC1Seq0_Handler                         0x00000385   Thumb Code     2  startup_tm4c123.o(.text)
    ADC1Seq1_Handler                         0x00000387   Thumb Code     2  startup_tm4c123.o(.text)
    ADC1Seq2_Handler                         0x00000389   Thumb Code     2  startup_tm4c123.o(.text)
    ADC1Seq3_Handler                         0x0000038b   Thumb Code     2  startup_tm4c123.o(.text)
    GPIOPortJ_Handler                        0x0000038d   Thumb Code     2  startup_tm4c123.o(.text)
    GPIOPortK_Handler                        0x0000038f   Thumb Code     2  startup_tm4c123.o(.text)
    GPIOPortL_Handler                        0x00000391   Thumb Code     2  startup_tm4c123.o(.text)
    SSI2_Handler                             0x00000393   Thumb Code     2  startup_tm4c123.o(.text)
    SSI3_Handler                             0x00000395   Thumb Code     2  startup_tm4c123.o(.text)
    UART3_Handler                            0x00000397   Thumb Code     2  startup_tm4c123.o(.text)
    UART4_Handler                            0x00000399   Thumb Code     2  startup_tm4c123.o(.text)
    UART5_Handler                            0x0000039b   Thumb Code     2  startup_tm4c123.o(.text)
    UART6_Handler                            0x0000039d   Thumb Code     2  startup_tm4c123.o(.text)
    UART7_Handler                            0x0000039f   Thumb Code     2  startup_tm4c123.o(.text)
    I2C2_Handler                             0x000003a1   Thumb Code     2  startup_tm4c123.o(.text)
    I2C3_Handler                             0x000003a3   Thumb Code     2  startup_tm4c123.o(.text)
    TIMER4A_Handler                          0x000003a5   Thumb Code     2  startup_tm4c123.o(.text)
    TIMER4B_Handler                          0x000003a7   Thumb Code     2  startup_tm4c123.o(.text)
    TIMER5A_Handler                          0x000003a9   Thumb Code     2  startup_tm4c123.o(.text)
    TIMER5B_Handler                          0x000003ab   Thumb Code     2  startup_tm4c123.o(.text)
    WideTimer0A_Handler                      0x000003ad   Thumb Code     2  startup_tm4c123.o(.text)
    WideTimer0B_Handler                      0x000003af   Thumb Code     2  startup_tm4c123.o(.text)
    WideTimer1A_Handler                      0x000003b1   Thumb Code     2  startup_tm4c123.o(.text)
    WideTimer1B_Handler                      0x000003b3   Thumb Code     2  startup_tm4c123.o(.text)
    WideTimer2A_Handler                      0x000003b5   Thumb Code     2  startup_tm4c123.o(.text)
    WideTimer2B_Handler                      0x000003b7   Thumb Code     2  startup_tm4c123.o(.text)
    WideTimer3B_Handler                      0x000003bb   Thumb Code     2  startup_tm4c123.o(.text)
    WideTimer4B_Handler                      0x000003bf   Thumb Code     2  startup_tm4c123.o(.text)
    WideTimer5B_Handler                      0x000003c3   Thumb Code     2  startup_tm4c123.o(.text)
    FPU_Handler                              0x000003c5   Thumb Code     2  startup_tm4c123.o(.text)
    I2C4_Handler                             0x000003c7   Thumb Code     2  startup_tm4c123.o(.text)
    I2C5_Handler                             0x000003c9   Thumb Code     2  startup_tm4c123.o(.text)
    GPIOPortM_Handler                        0x000003cb   Thumb Code     2  startup_tm4c123.o(.text)
    GPIOPortN_Handler                        0x000003cd   Thumb Code     2  startup_tm4c123.o(.text)
    QEI2_Handler                             0x000003cf   Thumb Code     2  startup_tm4c123.o(.text)
    GPIOPortP0_Handler                       0x000003d1   Thumb Code     2  startup_tm4c123.o(.text)
    GPIOPortP1_Handler                       0x000003d3   Thumb Code     2  startup_tm4c123.o(.text)
    GPIOPortP2_Handler                       0x000003d5   Thumb Code     2  startup_tm4c123.o(.text)
    GPIOPortP3_Handler                       0x000003d7   Thumb Code     2  startup_tm4c123.o(.text)
    GPIOPortP4_Handler                       0x000003d9   Thumb Code     2  startup_tm4c123.o(.text)
    GPIOPortP5_Handler                       0x000003db   Thumb Code     2  startup_tm4c123.o(.text)
    GPIOPortP6_Handler                       0x000003dd   Thumb Code     2  startup_tm4c123.o(.text)
    GPIOPortP7_Handler                       0x000003df   Thumb Code     2  startup_tm4c123.o(.text)
    GPIOPortQ0_Handler                       0x000003e1   Thumb Code     2  startup_tm4c123.o(.text)
    GPIOPortQ1_Handler                       0x000003e3   Thumb Code     2  startup_tm4c123.o(.text)
    GPIOPortQ2_Handler                       0x000003e5   Thumb Code     2  startup_tm4c123.o(.text)
    GPIOPortQ3_Handler                       0x000003e7   Thumb Code     2  startup_tm4c123.o(.text)
    GPIOPortQ4_Handler                       0x000003e9   Thumb Code     2  startup_tm4c123.o(.text)
    GPIOPortQ5_Handler                       0x000003eb   Thumb Code     2  startup_tm4c123.o(.text)
    GPIOPortQ6_Handler                       0x000003ed   Thumb Code     2  startup_tm4c123.o(.text)
    GPIOPortQ7_Handler                       0x000003ef   Thumb Code     2  startup_tm4c123.o(.text)
    GPIOPortR_Handler                        0x000003f1   Thumb Code     2  startup_tm4c123.o(.text)
    GPIOPortS_Handler                        0x000003f3   Thumb Code     2  startup_tm4c123.o(.text)
    PWM1Generator0_Handler                   0x000003f5   Thumb Code     2  startup_tm4c123.o(.text)
    PWM1Generator1_Handler                   0x000003f7   Thumb Code     2  startup_tm4c123.o(.text)
    PWM1Generator2_Handler                   0x000003f9   Thumb Code     2  startup_tm4c123.o(.text)
    PWM1Generator3_Handler                   0x000003fb   Thumb Code     2  startup_tm4c123.o(.text)
    PWM1Fault_Handler                        0x000003fd   Thumb Code     2  startup_tm4c123.o(.text)
    DisableInterrupts                        0x00000405   Thumb Code     0  startup_tm4c123.o(.text)
    EnableInterrupts                         0x00000409   Thumb Code     0  startup_tm4c123.o(.text)
    StartCritical                            0x0000040d   Thumb Code     0  startup_tm4c123.o(.text)
    EndCritical                              0x00000415   Thumb Code     0  startup_tm4c123.o(.text)
    WaitForInterrupt                         0x0000041b   Thumb Code     0  startup_tm4c123.o(.text)
    __user_initial_stackheap                 0x0000041f   Thumb Code     0  startup_tm4c123.o(.text)
    __use_two_region_memory                  0x00000439   Thumb Code     2  heapauxi.o(.text)
    __rt_heap_escrow                         0x0000043b   Thumb Code     2  heapauxi.o(.text)
    __rt_heap_expand                         0x0000043d   Thumb Code     2  heapauxi.o(.text)
    __user_libspace                          0x00000441   Thumb Code     8  libspace.o(.text)
    __user_perproc_libspace                  0x00000441   Thumb Code     0  libspace.o(.text)
    __user_perthread_libspace                0x00000441   Thumb Code     0  libspace.o(.text)
    __I$use$semihosting                      0x00000449   Thumb Code     0  use_no_semi.o(.text)
    __use_no_semihosting_swi                 0x00000449   Thumb Code     2  use_no_semi.o(.text)
    __semihosting_library_function           0x0000044b   Thumb Code     0  indicate_semi.o(.text)
    __user_setup_stackheap                   0x0000044b   Thumb Code    74  sys_stackheap_outer.o(.text)
    exit                                     0x00000495   Thumb Code    18  exit.o(.text)
    _sys_exit                                0x000004a9   Thumb Code     8  sys_exit.o(.text)
    BSP_Button1_Init                         0x000004b5   Thumb Code   112  bsp.o(i.BSP_Button1_Init)
    BSP_Button1_Input                        0x00000535   Thumb Code     8  bsp.o(i.BSP_Button1_Input)
    BSP_Button2_Init                         0x00000541   Thumb Code   124  bsp.o(i.BSP_Button2_Init)
    BSP_Button2_Input                        0x000005d1   Thumb Code     8  bsp.o(i.BSP_Button2_Input)
    BSP_Clock_InitFastest                    0x000005dd   Thumb Code   126  bsp.o(i.BSP_Clock_InitFastest)
    BSP_Delay1ms                             0x00000669   Thumb Code    22  bsp.o(i.BSP_Delay1ms)
    BSP_LCD_DrawChar                         0x00000681   Thumb Code   260  bsp.o(i.BSP_LCD_DrawChar)
    BSP_LCD_DrawString                       0x00000791   Thumb Code    86  bsp.o(i.BSP_LCD_DrawString)
    BSP_LCD_FillRect                         0x000007e9   Thumb Code   164  bsp.o(i.BSP_LCD_FillRect)
    BSP_LCD_FillScreen                       0x00000895   Thumb Code    28  bsp.o(i.BSP_LCD_FillScreen)
    BSP_LCD_Init                             0x000008b9   Thumb Code    10  bsp.o(i.BSP_LCD_Init)
    BSP_LCD_OutUDec4                         0x000008c5   Thumb Code   116  bsp.o(i.BSP_LCD_OutUDec4)
    BSP_LCD_SetCursor                        0x0000094d   Thumb Code    22  bsp.o(i.BSP_LCD_SetCursor)
    DisplayDirectory                         0x0000096d   Thumb Code   254  fs_testing.o(i.DisplayDirectory)
    Flash_Erase                              0x00000a9d   Thumb Code    84  flashprogram.o(i.Flash_Erase)
    Flash_Write                              0x00000b01   Thumb Code    88  flashprogram.o(i.Flash_Write)
    Flash_WriteArray                         0x00000b69   Thumb Code    46  flashprogram.o(i.Flash_WriteArray)
    MountDirectory                           0x00000b99   Thumb Code    56  efile.o(i.MountDirectory)
    OS_File_Append                           0x00000be1   Thumb Code    42  efile.o(i.OS_File_Append)
    OS_File_Flush                            0x00000c0d   Thumb Code    46  efile.o(i.OS_File_Flush)
    OS_File_Format                           0x00000c49   Thumb Code    14  efile.o(i.OS_File_Format)
    OS_File_New                              0x00000c5d   Thumb Code    34  efile.o(i.OS_File_New)
    OS_File_Size                             0x00000c85   Thumb Code    40  efile.o(i.OS_File_Size)
    WideTimer3A_Handler                      0x00000d29   Thumb Code    16  bsp.o(i.WideTimer3A_Handler)
    WideTimer4A_Handler                      0x00000d41   Thumb Code    16  bsp.o(i.WideTimer4A_Handler)
    WideTimer5A_Handler                      0x00000d59   Thumb Code    16  bsp.o(i.WideTimer5A_Handler)
    appendfat                                0x00000d89   Thumb Code    42  efile.o(i.appendfat)
    eDisk_Format                             0x00001019   Thumb Code    30  edisk.o(i.eDisk_Format)
    eDisk_ReadSector                         0x00001037   Thumb Code    52  edisk.o(i.eDisk_ReadSector)
    eDisk_WriteSector                        0x0000106b   Thumb Code    40  edisk.o(i.eDisk_WriteSector)
    findfreesector                           0x00001141   Thumb Code    50  efile.o(i.findfreesector)
    lastsector                               0x00001179   Thumb Code    30  efile.o(i.lastsector)
    main                                     0x0000119d   Thumb Code   470  fs_testing.o(i.main)
    max                                      0x00001431   Thumb Code    14  efile.o(i.max)
    testbuildbuff                            0x000014c5   Thumb Code    44  fs_testing.o(i.testbuildbuff)
    ColorArray                               0x00001b00   Data          18  fs_testing.o(.constdata)
    Region$$Table$$Base                      0x00001b14   Number         0  anon$$obj.o(Region$$Table)
    Region$$Table$$Limit                     0x00001b34   Number         0  anon$$obj.o(Region$$Table)
    bDirectoryLoaded                         0x20000000   Data           4  efile.o(.data)
    StX                                      0x2000000c   Data           4  bsp.o(.data)
    StY                                      0x20000010   Data           4  bsp.o(.data)
    StTextColor                              0x20000014   Data           2  bsp.o(.data)
    Messageindex                             0x2000001c   Data           4  bsp.o(.data)
    TimeIndex                                0x20000020   Data           4  bsp.o(.data)
    Ymax                                     0x20000024   Data           4  bsp.o(.data)
    Ymin                                     0x20000028   Data           4  bsp.o(.data)
    Yrange                                   0x2000002c   Data           4  bsp.o(.data)
    PlotBGColor                              0x20000030   Data           2  bsp.o(.data)
    PeriodicTask                             0x20000034   Data           4  bsp.o(.data)
    PeriodicTaskB                            0x20000038   Data           4  bsp.o(.data)
    PeriodicTaskC                            0x2000003c   Data           4  bsp.o(.data)
    LightBusy                                0x20000040   Data           4  bsp.o(.data)
    TempBusy                                 0x20000044   Data           4  bsp.o(.data)
    Buff                                     0x20000048   Data         512  efile.o(.bss)
    Directory                                0x20000248   Data         256  efile.o(.bss)
    FAT                                      0x20000348   Data         256  efile.o(.bss)
    Message                                  0x20000448   Data          12  bsp.o(.bss)
    __libspace_start                         0x20000454   Data          96  libspace.o(.bss)
    __temporary_stack_top$libspace           0x200004b4   Data           0  libspace.o(.bss)



==============================================================================

Memory Map of the image

  Image Entry point : 0x00000311

  Load Region LR_1 (Base: 0x00000000, Size: 0x00001b7c, Max: 0xffffffff, ABSOLUTE)

    Execution Region ER_RO (Exec base: 0x00000000, Load base: 0x00000000, Size: 0x00001b34, Max: 0xffffffff, ABSOLUTE)

    Exec Addr    Load Addr    Size         Type   Attr      Idx    E Section Name        Object

    0x00000000   0x00000000   0x0000026c   Data   RO          693    RESET               startup_tm4c123.o
    0x0000026c   0x0000026c   0x00000008   Code   RO          821  * !!!main             c_w.l(__main.o)
    0x00000274   0x00000274   0x00000034   Code   RO         1030    !!!scatter          c_w.l(__scatter.o)
    0x000002a8   0x000002a8   0x0000001a   Code   RO         1032    !!handler_copy      c_w.l(__scatter_copy.o)
    0x000002c2   0x000002c2   0x00000002   PAD
    0x000002c4   0x000002c4   0x0000001c   Code   RO         1034    !!handler_zi        c_w.l(__scatter_zi.o)
    0x000002e0   0x000002e0   0x00000002   Code   RO          969    .ARM.Collect$$libinit$$00000000  c_w.l(libinit.o)
    0x000002e2   0x000002e2   0x00000000   Code   RO          862    .ARM.Collect$$libinit$$00000002  c_w.l(libinit2.o)
    0x000002e2   0x000002e2   0x00000000   Code   RO          864    .ARM.Collect$$libinit$$00000004  c_w.l(libinit2.o)
    0x000002e2   0x000002e2   0x00000000   Code   RO          867    .ARM.Collect$$libinit$$0000000A  c_w.l(libinit2.o)
    0x000002e2   0x000002e2   0x00000000   Code   RO          869    .ARM.Collect$$libinit$$0000000C  c_w.l(libinit2.o)
    0x000002e2   0x000002e2   0x00000000   Code   RO          871    .ARM.Collect$$libinit$$0000000E  c_w.l(libinit2.o)
    0x000002e2   0x000002e2   0x00000000   Code   RO          874    .ARM.Collect$$libinit$$00000011  c_w.l(libinit2.o)
    0x000002e2   0x000002e2   0x00000000   Code   RO          876    .ARM.Collect$$libinit$$00000013  c_w.l(libinit2.o)
    0x000002e2   0x000002e2   0x00000000   Code   RO          878    .ARM.Collect$$libinit$$00000015  c_w.l(libinit2.o)
    0x000002e2   0x000002e2   0x00000000   Code   RO          880    .ARM.Collect$$libinit$$00000017  c_w.l(libinit2.o)
    0x000002e2   0x000002e2   0x00000000   Code   RO          882    .ARM.Collect$$libinit$$00000019  c_w.l(libinit2.o)
    0x000002e2   0x000002e2   0x00000000   Code   RO          884    .ARM.Collect$$libinit$$0000001B  c_w.l(libinit2.o)
    0x000002e2   0x000002e2   0x00000000   Code   RO          886    .ARM.Collect$$libinit$$0000001D  c_w.l(libinit2.o)
    0x000002e2   0x000002e2   0x00000000   Code   RO          888    .ARM.Collect$$libinit$$0000001F  c_w.l(libinit2.o)
    0x000002e2   0x000002e2   0x00000000   Code   RO          890    .ARM.Collect$$libinit$$00000021  c_w.l(libinit2.o)
    0x000002e2   0x000002e2   0x00000000   Code   RO          892    .ARM.Collect$$libinit$$00000023  c_w.l(libinit2.o)
    0x000002e2   0x000002e2   0x00000000   Code   RO          894    .ARM.Collect$$libinit$$00000025  c_w.l(libinit2.o)
    0x000002e2   0x000002e2   0x00000000   Code   RO          898    .ARM.Collect$$libinit$$0000002C  c_w.l(libinit2.o)
    0x000002e2   0x000002e2   0x00000000   Code   RO          900    .ARM.Collect$$libinit$$0000002E  c_w.l(libinit2.o)
    0x000002e2   0x000002e2   0x00000000   Code   RO          902    .ARM.Collect$$libinit$$00000030  c_w.l(libinit2.o)
    0x000002e2   0x000002e2   0x00000000   Code   RO          904    .ARM.Collect$$libinit$$00000032  c_w.l(libinit2.o)
    0x000002e2   0x000002e2   0x00000002   Code   RO          905    .ARM.Collect$$libinit$$00000033  c_w.l(libinit2.o)
    0x000002e4   0x000002e4   0x00000002   Code   RO         1027    .ARM.Collect$$libshutdown$$00000000  c_w.l(libshutdown.o)
    0x000002e6   0x000002e6   0x00000000   Code   RO          983    .ARM.Collect$$libshutdown$$00000002  c_w.l(libshutdown2.o)
    0x000002e6   0x000002e6   0x00000000   Code   RO          985    .ARM.Collect$$libshutdown$$00000004  c_w.l(libshutdown2.o)
    0x000002e6   0x000002e6   0x00000000   Code   RO          988    .ARM.Collect$$libshutdown$$00000007  c_w.l(libshutdown2.o)
    0x000002e6   0x000002e6   0x00000000   Code   RO          991    .ARM.Collect$$libshutdown$$0000000A  c_w.l(libshutdown2.o)
    0x000002e6   0x000002e6   0x00000000   Code   RO          993    .ARM.Collect$$libshutdown$$0000000C  c_w.l(libshutdown2.o)
    0x000002e6   0x000002e6   0x00000000   Code   RO          996    .ARM.Collect$$libshutdown$$0000000F  c_w.l(libshutdown2.o)
    0x000002e6   0x000002e6   0x00000002   Code   RO          997    .ARM.Collect$$libshutdown$$00000010  c_w.l(libshutdown2.o)
    0x000002e8   0x000002e8   0x00000000   Code   RO          825    .ARM.Collect$$rtentry$$00000000  c_w.l(__rtentry.o)
    0x000002e8   0x000002e8   0x00000000   Code   RO          912    .ARM.Collect$$rtentry$$00000002  c_w.l(__rtentry2.o)
    0x000002e8   0x000002e8   0x00000006   Code   RO          924    .ARM.Collect$$rtentry$$00000004  c_w.l(__rtentry4.o)
    0x000002ee   0x000002ee   0x00000000   Code   RO          914    .ARM.Collect$$rtentry$$00000009  c_w.l(__rtentry2.o)
    0x000002ee   0x000002ee   0x00000004   Code   RO          915    .ARM.Collect$$rtentry$$0000000A  c_w.l(__rtentry2.o)
    0x000002f2   0x000002f2   0x00000000   Code   RO          917    .ARM.Collect$$rtentry$$0000000C  c_w.l(__rtentry2.o)
    0x000002f2   0x000002f2   0x00000008   Code   RO          918    .ARM.Collect$$rtentry$$0000000D  c_w.l(__rtentry2.o)
    0x000002fa   0x000002fa   0x00000002   Code   RO          972    .ARM.Collect$$rtexit$$00000000  c_w.l(rtexit.o)
    0x000002fc   0x000002fc   0x00000000   Code   RO         1001    .ARM.Collect$$rtexit$$00000002  c_w.l(rtexit2.o)
    0x000002fc   0x000002fc   0x00000004   Code   RO         1002    .ARM.Collect$$rtexit$$00000003  c_w.l(rtexit2.o)
    0x00000300   0x00000300   0x00000006   Code   RO         1003    .ARM.Collect$$rtexit$$00000004  c_w.l(rtexit2.o)
    0x00000306   0x00000306   0x00000002   PAD
    0x00000308   0x00000308   0x00000006   Code   RO          157    .emb_text           bsp.o
    0x0000030e   0x0000030e   0x00000002   PAD
    0x00000310   0x00000310   0x00000128   Code   RO          694  * .text               startup_tm4c123.o
    0x00000438   0x00000438   0x00000006   Code   RO          819    .text               c_w.l(heapauxi.o)
    0x0000043e   0x0000043e   0x00000002   PAD
    0x00000440   0x00000440   0x00000008   Code   RO          908    .text               c_w.l(libspace.o)
    0x00000448   0x00000448   0x00000002   Code   RO          945    .text               c_w.l(use_no_semi.o)
    0x0000044a   0x0000044a   0x00000000   Code   RO          947    .text               c_w.l(indicate_semi.o)
    0x0000044a   0x0000044a   0x0000004a   Code   RO          948    .text               c_w.l(sys_stackheap_outer.o)
    0x00000494   0x00000494   0x00000012   Code   RO          954    .text               c_w.l(exit.o)
    0x000004a6   0x000004a6   0x00000002   PAD
    0x000004a8   0x000004a8   0x0000000c   Code   RO          970    .text               c_w.l(sys_exit.o)
    0x000004b4   0x000004b4   0x00000080   Code   RO          160    i.BSP_Button1_Init  bsp.o
    0x00000534   0x00000534   0x0000000c   Code   RO          161    i.BSP_Button1_Input  bsp.o
    0x00000540   0x00000540   0x00000090   Code   RO          162    i.BSP_Button2_Init  bsp.o
    0x000005d0   0x000005d0   0x0000000c   Code   RO          163    i.BSP_Button2_Input  bsp.o
    0x000005dc   0x000005dc   0x0000008c   Code   RO          167    i.BSP_Clock_InitFastest  bsp.o
    0x00000668   0x00000668   0x00000016   Code   RO          168    i.BSP_Delay1ms      bsp.o
    0x0000067e   0x0000067e   0x00000002   PAD
    0x00000680   0x00000680   0x00000110   Code   RO          173    i.BSP_LCD_DrawChar  bsp.o
    0x00000790   0x00000790   0x00000056   Code   RO          178    i.BSP_LCD_DrawString  bsp.o
    0x000007e6   0x000007e6   0x00000002   PAD
    0x000007e8   0x000007e8   0x000000ac   Code   RO          180    i.BSP_LCD_FillRect  bsp.o
    0x00000894   0x00000894   0x00000024   Code   RO          181    i.BSP_LCD_FillScreen  bsp.o
    0x000008b8   0x000008b8   0x0000000a   Code   RO          182    i.BSP_LCD_Init      bsp.o
    0x000008c2   0x000008c2   0x00000002   PAD
    0x000008c4   0x000008c4   0x00000088   Code   RO          184    i.BSP_LCD_OutUDec4  bsp.o
    0x0000094c   0x0000094c   0x00000020   Code   RO          190    i.BSP_LCD_SetCursor  bsp.o
    0x0000096c   0x0000096c   0x00000118   Code   RO          650    i.DisplayDirectory  fs_testing.o
    0x00000a84   0x00000a84   0x00000016   Code   RO           36    i.EraseAddrValid    flashprogram.o
    0x00000a9a   0x00000a9a   0x00000002   PAD
    0x00000a9c   0x00000a9c   0x00000064   Code   RO           37    i.Flash_Erase       flashprogram.o
    0x00000b00   0x00000b00   0x00000068   Code   RO           39    i.Flash_Write       flashprogram.o
    0x00000b68   0x00000b68   0x0000002e   Code   RO           40    i.Flash_WriteArray  flashprogram.o
    0x00000b96   0x00000b96   0x00000002   PAD
    0x00000b98   0x00000b98   0x00000048   Code   RO           81    i.MountDirectory    efile.o
    0x00000be0   0x00000be0   0x0000002a   Code   RO           82    i.OS_File_Append    efile.o
    0x00000c0a   0x00000c0a   0x00000002   PAD
    0x00000c0c   0x00000c0c   0x0000003c   Code   RO           83    i.OS_File_Flush     efile.o
    0x00000c48   0x00000c48   0x00000014   Code   RO           84    i.OS_File_Format    efile.o
    0x00000c5c   0x00000c5c   0x00000028   Code   RO           85    i.OS_File_New       efile.o
    0x00000c84   0x00000c84   0x00000030   Code   RO           87    i.OS_File_Size      efile.o
    0x00000cb4   0x00000cb4   0x00000074   Code   RO          219    i.ST7735_InitR      bsp.o
    0x00000d28   0x00000d28   0x00000018   Code   RO          220    i.WideTimer3A_Handler  bsp.o
    0x00000d40   0x00000d40   0x00000018   Code   RO          221    i.WideTimer4A_Handler  bsp.o
    0x00000d58   0x00000d58   0x00000018   Code   RO          222    i.WideTimer5A_Handler  bsp.o
    0x00000d70   0x00000d70   0x00000016   Code   RO           42    i.WriteAddrValid    flashprogram.o
    0x00000d86   0x00000d86   0x00000002   PAD
    0x00000d88   0x00000d88   0x00000034   Code   RO           88    i.appendfat         efile.o
    0x00000dbc   0x00000dbc   0x00000056   Code   RO          224    i.commandList       bsp.o
    0x00000e12   0x00000e12   0x00000002   PAD
    0x00000e14   0x00000e14   0x00000204   Code   RO          225    i.commonInit        bsp.o
    0x00001018   0x00001018   0x0000001e   Code   RO            1    i.eDisk_Format      edisk.o
    0x00001036   0x00001036   0x00000034   Code   RO            2    i.eDisk_ReadSector  edisk.o
    0x0000106a   0x0000106a   0x00000028   Code   RO            3    i.eDisk_WriteSector  edisk.o
    0x00001092   0x00001092   0x00000002   PAD
    0x00001094   0x00001094   0x00000048   Code   RO          226    i.fillmessage       bsp.o
    0x000010dc   0x000010dc   0x00000064   Code   RO          229    i.fillmessage4      bsp.o
    0x00001140   0x00001140   0x00000038   Code   RO           89    i.findfreesector    efile.o
    0x00001178   0x00001178   0x00000024   Code   RO           90    i.lastsector        efile.o
    0x0000119c   0x0000119c   0x00000294   Code   RO          651    i.main              fs_testing.o
    0x00001430   0x00001430   0x0000000e   Code   RO           91    i.max               efile.o
    0x0000143e   0x0000143e   0x00000012   Code   RO          234    i.pushColor         bsp.o
    0x00001450   0x00001450   0x00000074   Code   RO          235    i.setAddrWindow     bsp.o
    0x000014c4   0x000014c4   0x00000030   Code   RO          653    i.testbuildbuff     fs_testing.o
    0x000014f4   0x000014f4   0x00000048   Code   RO          238    i.writecommand      bsp.o
    0x0000153c   0x0000153c   0x00000048   Code   RO          239    i.writedata         bsp.o
    0x00001584   0x00001584   0x0000057b   Data   RO          241    .constdata          bsp.o
    0x00001aff   0x00001aff   0x00000001   PAD
    0x00001b00   0x00001b00   0x00000012   Data   RO          654    .constdata          fs_testing.o
    0x00001b12   0x00001b12   0x00000002   PAD
    0x00001b14   0x00001b14   0x00000020   Data   RO         1028    Region$$Table       anon$$obj.o


    Execution Region ER_RW (Exec base: 0x20000000, Load base: 0x00001b34, Size: 0x00000048, Max: 0xffffffff, ABSOLUTE)

    Exec Addr    Load Addr    Size         Type   Attr      Idx    E Section Name        Object

    0x20000000   0x00001b34   0x00000004   Data   RW           93    .data               efile.o
    0x20000004   0x00001b38   0x00000044   Data   RW          242    .data               bsp.o


    Execution Region ER_ZI (Exec base: 0x20000048, Load base: 0x00001b7c, Size: 0x00001070, Max: 0xffffffff, ABSOLUTE)

    Exec Addr    Load Addr    Size         Type   Attr      Idx    E Section Name        Object

    0x20000048        -       0x00000400   Zero   RW           92    .bss                efile.o
    0x20000448        -       0x0000000c   Zero   RW          240    .bss                bsp.o
    0x20000454        -       0x00000060   Zero   RW          909    .bss                c_w.l(libspace.o)
    0x200004b4   0x00001b7c   0x00000004   PAD
    0x200004b8        -       0x00000600   Zero   RW          692    HEAP                startup_tm4c123.o
    0x20000ab8        -       0x00000600   Zero   RW          691    STACK               startup_tm4c123.o


==============================================================================

Image component sizes


      Code (inc. data)   RO Data    RW Data    ZI Data      Debug   Object Name

      2448        280       1403         68         12      16271   bsp.o
       122          0          0          0          0       6878   edisk.o
       440         72          0          4       1024       5878   efile.o
       294         32          0          0          0       3747   flashprogram.o
       988        220         18          0          0       3055   fs_testing.o
       296         22        620          0       3072       5672   startup_tm4c123.o

    ----------------------------------------------------------------------
      4608        626       2076         72       4108      41501   Object Totals
         0          0         32          0          0          0   (incl. Generated)
        20          0          3          0          0          0   (incl. Padding)

    ----------------------------------------------------------------------

      Code (inc. data)   RO Data    RW Data    ZI Data      Debug   Library Member Name

         8          0          0          0          0         68   __main.o
         0          0          0          0          0          0   __rtentry.o
        12          0          0          0          0          0   __rtentry2.o
         6          0          0          0          0          0   __rtentry4.o
        52          8          0          0          0          0   __scatter.o
        26          0          0          0          0          0   __scatter_copy.o
        28          0          0          0          0          0   __scatter_zi.o
        18          0          0          0          0         80   exit.o
         6          0          0          0          0        152   heapauxi.o
         0          0          0          0          0          0   indicate_semi.o
         2          0          0          0          0          0   libinit.o
         2          0          0          0          0          0   libinit2.o
         2          0          0          0          0          0   libshutdown.o
         2          0          0          0          0          0   libshutdown2.o
         8          4          0          0         96         68   libspace.o
         2          0          0          0          0          0   rtexit.o
        10          0          0          0          0          0   rtexit2.o
        12          4          0          0          0         68   sys_exit.o
        74          0          0          0          0         80   sys_stackheap_outer.o
         2          0          0          0          0         68   use_no_semi.o

    ----------------------------------------------------------------------
       280         16          0          0        100        584   Library Totals
         8          0          0          0          4          0   (incl. Padding)

    ----------------------------------------------------------------------

      Code (inc. data)   RO Data    RW Data    ZI Data      Debug   Library Name

       272         16          0          0         96        584   c_w.l

    ----------------------------------------------------------------------
       280         16          0          0        100        584   Library Totals

    ----------------------------------------------------------------------

==============================================================================


      Code (inc. data)   RO Data    RW Data    ZI Data      Debug   

      4888        642       2076         72       4208      39689   Grand Totals
      4888        642       2076         72       4208      39689   ELF Image Totals
      4888        642       2076         72          0          0   ROM Totals

==============================================================================

    Total RO  Size (Code + RO Data)                 6964 (   6.80kB)
    Total RW  Size (RW Data + ZI Data)              4280 (   4.18kB)
    Total ROM Size (Code + RO Data + RW Data)       7036 (   6.87kB)

==============================================================================

